Archive member included to satisfy reference by file (symbol)

D:/Msys2/mingw64/bin/../lib/gcc/arm-none-eabi/13.3.0/thumb/v7e-m+fp/hard\libgcc.a(_aeabi_uldivmod.o)
                              cmake/stm32cubemx/CMakeFiles/STM32_Drivers.dir/__/__/Drivers/STM32F4xx_HAL_Driver/Src/stm32f4xx_hal_rcc.c.obj (__aeabi_uldivmod)
D:/Msys2/mingw64/bin/../lib/gcc/arm-none-eabi/13.3.0/thumb/v7e-m+fp/hard\libgcc.a(_udivmoddi4.o)
                              D:/Msys2/mingw64/bin/../lib/gcc/arm-none-eabi/13.3.0/thumb/v7e-m+fp/hard\libgcc.a(_aeabi_uldivmod.o) (__udivmoddi4)
D:/Msys2/mingw64/bin/../lib/gcc/arm-none-eabi/13.3.0/thumb/v7e-m+fp/hard\libgcc.a(_dvmd_tls.o)
                              D:/Msys2/mingw64/bin/../lib/gcc/arm-none-eabi/13.3.0/thumb/v7e-m+fp/hard\libgcc.a(_aeabi_uldivmod.o) (__aeabi_ldiv0)
D:/Msys2/mingw64/bin/../lib/gcc/arm-none-eabi/13.3.0/../../../../arm-none-eabi/lib/thumb/v7e-m+fp/hard\libg_nano.a(libc_a-atexit.o)
                              D:/Msys2/mingw64/bin/../lib/gcc/arm-none-eabi/13.3.0/../../../../arm-none-eabi/lib/thumb/v7e-m+fp/hard/crt0.o (atexit)
D:/Msys2/mingw64/bin/../lib/gcc/arm-none-eabi/13.3.0/../../../../arm-none-eabi/lib/thumb/v7e-m+fp/hard\libg_nano.a(libc_a-exit.o)
                              D:/Msys2/mingw64/bin/../lib/gcc/arm-none-eabi/13.3.0/../../../../arm-none-eabi/lib/thumb/v7e-m+fp/hard/crt0.o (exit)
D:/Msys2/mingw64/bin/../lib/gcc/arm-none-eabi/13.3.0/../../../../arm-none-eabi/lib/thumb/v7e-m+fp/hard\libg_nano.a(libc_a-findfp.o)
                              D:/Msys2/mingw64/bin/../lib/gcc/arm-none-eabi/13.3.0/../../../../arm-none-eabi/lib/thumb/v7e-m+fp/hard\libg_nano.a(libc_a-exit.o) (__stdio_exit_handler)
D:/Msys2/mingw64/bin/../lib/gcc/arm-none-eabi/13.3.0/../../../../arm-none-eabi/lib/thumb/v7e-m+fp/hard\libg_nano.a(libc_a-fwalk.o)
                              D:/Msys2/mingw64/bin/../lib/gcc/arm-none-eabi/13.3.0/../../../../arm-none-eabi/lib/thumb/v7e-m+fp/hard\libg_nano.a(libc_a-findfp.o) (_fwalk_sglue)
D:/Msys2/mingw64/bin/../lib/gcc/arm-none-eabi/13.3.0/../../../../arm-none-eabi/lib/thumb/v7e-m+fp/hard\libg_nano.a(libc_a-stdio.o)
                              D:/Msys2/mingw64/bin/../lib/gcc/arm-none-eabi/13.3.0/../../../../arm-none-eabi/lib/thumb/v7e-m+fp/hard\libg_nano.a(libc_a-findfp.o) (__sread)
D:/Msys2/mingw64/bin/../lib/gcc/arm-none-eabi/13.3.0/../../../../arm-none-eabi/lib/thumb/v7e-m+fp/hard\libg_nano.a(libc_a-memset.o)
                              D:/Msys2/mingw64/bin/../lib/gcc/arm-none-eabi/13.3.0/../../../../arm-none-eabi/lib/thumb/v7e-m+fp/hard/crt0.o (memset)
D:/Msys2/mingw64/bin/../lib/gcc/arm-none-eabi/13.3.0/../../../../arm-none-eabi/lib/thumb/v7e-m+fp/hard\libg_nano.a(libc_a-closer.o)
                              D:/Msys2/mingw64/bin/../lib/gcc/arm-none-eabi/13.3.0/../../../../arm-none-eabi/lib/thumb/v7e-m+fp/hard\libg_nano.a(libc_a-stdio.o) (_close_r)
D:/Msys2/mingw64/bin/../lib/gcc/arm-none-eabi/13.3.0/../../../../arm-none-eabi/lib/thumb/v7e-m+fp/hard\libg_nano.a(libc_a-reent.o)
                              D:/Msys2/mingw64/bin/../lib/gcc/arm-none-eabi/13.3.0/../../../../arm-none-eabi/lib/thumb/v7e-m+fp/hard\libg_nano.a(libc_a-closer.o) (errno)
D:/Msys2/mingw64/bin/../lib/gcc/arm-none-eabi/13.3.0/../../../../arm-none-eabi/lib/thumb/v7e-m+fp/hard\libg_nano.a(libc_a-impure.o)
                              D:/Msys2/mingw64/bin/../lib/gcc/arm-none-eabi/13.3.0/../../../../arm-none-eabi/lib/thumb/v7e-m+fp/hard\libg_nano.a(libc_a-reent.o) (_impure_ptr)
D:/Msys2/mingw64/bin/../lib/gcc/arm-none-eabi/13.3.0/../../../../arm-none-eabi/lib/thumb/v7e-m+fp/hard\libg_nano.a(libc_a-lseekr.o)
                              D:/Msys2/mingw64/bin/../lib/gcc/arm-none-eabi/13.3.0/../../../../arm-none-eabi/lib/thumb/v7e-m+fp/hard\libg_nano.a(libc_a-stdio.o) (_lseek_r)
D:/Msys2/mingw64/bin/../lib/gcc/arm-none-eabi/13.3.0/../../../../arm-none-eabi/lib/thumb/v7e-m+fp/hard\libg_nano.a(libc_a-readr.o)
                              D:/Msys2/mingw64/bin/../lib/gcc/arm-none-eabi/13.3.0/../../../../arm-none-eabi/lib/thumb/v7e-m+fp/hard\libg_nano.a(libc_a-stdio.o) (_read_r)
D:/Msys2/mingw64/bin/../lib/gcc/arm-none-eabi/13.3.0/../../../../arm-none-eabi/lib/thumb/v7e-m+fp/hard\libg_nano.a(libc_a-writer.o)
                              D:/Msys2/mingw64/bin/../lib/gcc/arm-none-eabi/13.3.0/../../../../arm-none-eabi/lib/thumb/v7e-m+fp/hard\libg_nano.a(libc_a-stdio.o) (_write_r)
D:/Msys2/mingw64/bin/../lib/gcc/arm-none-eabi/13.3.0/../../../../arm-none-eabi/lib/thumb/v7e-m+fp/hard\libg_nano.a(libc_a-errno.o)
                              CMakeFiles/task_manager_led.dir/Core/Src/sysmem.c.obj (__errno)
D:/Msys2/mingw64/bin/../lib/gcc/arm-none-eabi/13.3.0/../../../../arm-none-eabi/lib/thumb/v7e-m+fp/hard\libg_nano.a(libc_a-init.o)
                              D:/Msys2/mingw64/bin/../lib/gcc/arm-none-eabi/13.3.0/../../../../arm-none-eabi/lib/thumb/v7e-m+fp/hard/crt0.o (__libc_init_array)
[...]
Memory Configuration

Name             Origin             Length             Attributes
RAM              0x20000000         0x00020000         xrw
CCMRAM           0x10000000         0x00010000         xrw
FLASH            0x08000000         0x00100000         xr
*default*        0x00000000         0xffffffff

Linker script and memory map

LOAD D:/Msys2/mingw64/bin/../lib/gcc/arm-none-eabi/13.3.0/thumb/v7e-m+fp/hard/crti.o
LOAD D:/Msys2/mingw64/bin/../lib/gcc/arm-none-eabi/13.3.0/thumb/v7e-m+fp/hard/crtbegin.o
LOAD D:/Msys2/mingw64/bin/../lib/gcc/arm-none-eabi/13.3.0/../../../../arm-none-eabi/lib/thumb/v7e-m+fp/hard/crt0.o
LOAD cmake/stm32cubemx/CMakeFiles/STM32_Drivers.dir/__/__/Core/Src/system_stm32f4xx.c.obj
LOAD cmake/stm32cubemx/CMakeFiles/STM32_Drivers.dir/__/__/Drivers/STM32F4xx_HAL_Driver/Src/stm32f4xx_hal_rcc.c.obj
LOAD cmake/stm32cubemx/CMakeFiles/STM32_Drivers.dir/__/__/Drivers/STM32F4xx_HAL_Driver/Src/stm32f4xx_hal_rcc_ex.c.obj
LOAD cmake/stm32cubemx/CMakeFiles/STM32_Drivers.dir/__/__/Drivers/STM32F4xx_HAL_Driver/Src/stm32f4xx_hal_flash.c.obj
LOAD cmake/stm32cubemx/CMakeFiles/STM32_Drivers.dir/__/__/Drivers/STM32F4xx_HAL_Driver/Src/stm32f4xx_hal_flash_ex.c.obj
LOAD cmake/stm32cubemx/CMakeFiles/STM32_Drivers.dir/__/__/Drivers/STM32F4xx_HAL_Driver/Src/stm32f4xx_hal_flash_ramfunc.c.obj
LOAD cmake/stm32cubemx/CMakeFiles/STM32_Drivers.dir/__/__/Drivers/STM32F4xx_HAL_Driver/Src/stm32f4xx_hal_gpio.c.obj
LOAD cmake/stm32cubemx/CMakeFiles/STM32_Drivers.dir/__/__/Drivers/STM32F4xx_HAL_Driver/Src/stm32f4xx_hal_dma_ex.c.obj
LOAD cmake/stm32cubemx/CMakeFiles/STM32_Drivers.dir/__/__/Drivers/STM32F4xx_HAL_Driver/Src/stm32f4xx_hal_dma.c.obj
LOAD cmake/stm32cubemx/CMakeFiles/STM32_Drivers.dir/__/__/Drivers/STM32F4xx_HAL_Driver/Src/stm32f4xx_hal_pwr.c.obj
LOAD cmake/stm32cubemx/CMakeFiles/STM32_Drivers.dir/__/__/Drivers/STM32F4xx_HAL_Driver/Src/stm32f4xx_hal_pwr_ex.c.obj
LOAD cmake/stm32cubemx/CMakeFiles/STM32_Drivers.dir/__/__/Drivers/STM32F4xx_HAL_Driver/Src/stm32f4xx_hal_cortex.c.obj
LOAD cmake/stm32cubemx/CMakeFiles/STM32_Drivers.dir/__/__/Drivers/STM32F4xx_HAL_Driver/Src/stm32f4xx_hal.c.obj
LOAD cmake/stm32cubemx/CMakeFiles/STM32_Drivers.dir/__/__/Drivers/STM32F4xx_HAL_Driver/Src/stm32f4xx_hal_exti.c.obj
LOAD cmake/stm32cubemx/CMakeFiles/FreeRTOS.dir/__/__/Middlewares/Third_Party/FreeRTOS/Source/croutine.c.obj
LOAD cmake/stm32cubemx/CMakeFiles/FreeRTOS.dir/__/__/Middlewares/Third_Party/FreeRTOS/Source/event_groups.c.obj
LOAD cmake/stm32cubemx/CMakeFiles/FreeRTOS.dir/__/__/Middlewares/Third_Party/FreeRTOS/Source/list.c.obj
LOAD cmake/stm32cubemx/CMakeFiles/FreeRTOS.dir/__/__/Middlewares/Third_Party/FreeRTOS/Source/queue.c.obj
LOAD cmake/stm32cubemx/CMakeFiles/FreeRTOS.dir/__/__/Middlewares/Third_Party/FreeRTOS/Source/stream_buffer.c.obj
LOAD cmake/stm32cubemx/CMakeFiles/FreeRTOS.dir/__/__/Middlewares/Third_Party/FreeRTOS/Source/tasks.c.obj
LOAD cmake/stm32cubemx/CMakeFiles/FreeRTOS.dir/__/__/Middlewares/Third_Party/FreeRTOS/Source/timers.c.obj
LOAD cmake/stm32cubemx/CMakeFiles/FreeRTOS.dir/__/__/Middlewares/Third_Party/FreeRTOS/Source/CMSIS_RTOS_V2/cmsis_os2.c.obj
LOAD cmake/stm32cubemx/CMakeFiles/FreeRTOS.dir/__/__/Middlewares/Third_Party/FreeRTOS/Source/portable/MemMang/heap_4.c.obj
LOAD cmake/stm32cubemx/CMakeFiles/FreeRTOS.dir/__/__/Middlewares/Third_Party/FreeRTOS/Source/portable/GCC/ARM_CM4F/port.c.obj
LOAD CMakeFiles/task_manager_led.dir/Core/Src/main.c.obj
LOAD CMakeFiles/task_manager_led.dir/Core/Src/gpio.c.obj
LOAD CMakeFiles/task_manager_led.dir/Core/Src/freertos.c.obj
LOAD CMakeFiles/task_manager_led.dir/Core/Src/stm32f4xx_it.c.obj
LOAD CMakeFiles/task_manager_led.dir/Core/Src/stm32f4xx_hal_msp.c.obj
LOAD CMakeFiles/task_manager_led.dir/Core/Src/sysmem.c.obj
LOAD CMakeFiles/task_manager_led.dir/Core/Src/syscalls.c.obj
LOAD CMakeFiles/task_manager_led.dir/startup_stm32f407xx.s.obj
LOAD D:/Msys2/mingw64/bin/../lib/gcc/arm-none-eabi/13.3.0/../../../../arm-none-eabi/lib/thumb/v7e-m+fp/hard\libm.a
START GROUP
LOAD D:/Msys2/mingw64/bin/../lib/gcc/arm-none-eabi/13.3.0/thumb/v7e-m+fp/hard\libgcc.a
LOAD D:/Msys2/mingw64/bin/../lib/gcc/arm-none-eabi/13.3.0/../../../../arm-none-eabi/lib/thumb/v7e-m+fp/hard\libg_nano.a
LOAD D:/Msys2/mingw64/bin/../lib/gcc/arm-none-eabi/13.3.0/../../../../arm-none-eabi/lib/thumb/v7e-m+fp/hard\libc_nano.a
END GROUP
START GROUP
LOAD D:/Msys2/mingw64/bin/../lib/gcc/arm-none-eabi/13.3.0/thumb/v7e-m+fp/hard\libgcc.a
LOAD D:/Msys2/mingw64/bin/../lib/gcc/arm-none-eabi/13.3.0/../../../../arm-none-eabi/lib/thumb/v7e-m+fp/hard\libc_nano.a
END GROUP
LOAD D:/Msys2/mingw64/bin/../lib/gcc/arm-none-eabi/13.3.0/thumb/v7e-m+fp/hard/crtend.o
LOAD D:/Msys2/mingw64/bin/../lib/gcc/arm-none-eabi/13.3.0/thumb/v7e-m+fp/hard/crtn.o
                0x20020000                        _estack = (ORIGIN (RAM) + LENGTH (RAM))
                0x00000200                        _Min_Heap_Size = 0x200
                0x00000400                        _Min_Stack_Size = 0x400

.isr_vector     0x08000000      0x188
                0x08000000                        . = ALIGN (0x4)
 *(.isr_vector)
 .isr_vector    0x08000000      0x188 CMakeFiles/task_manager_led.dir/startup_stm32f407xx.s.obj
                0x08000000                g_pfnVectors
                0x08000188                        . = ALIGN (0x4)

.text           0x08000190     0x4268
                0x08000190                        . = ALIGN (0x4)
 *(.text)
 .text          0x08000190       0x30 D:/Msys2/mingw64/bin/../lib/gcc/arm-none-eabi/13.3.0/thumb/v7e-m+fp/hard\libgcc.a(_aeabi_uldivmod.o)
                0x08000190                __aeabi_uldivmod
 .text          0x080001c0        0x4 D:/Msys2/mingw64/bin/../lib/gcc/arm-none-eabi/13.3.0/thumb/v7e-m+fp/hard\libgcc.a(_dvmd_tls.o)
                0x080001c0                __aeabi_idiv0
                0x080001c0                __aeabi_ldiv0
 .text          0x080001c4       0xa4 D:/Msys2/mingw64/bin/../lib/gcc/arm-none-eabi/13.3.0/../../../../arm-none-eabi/lib/thumb/v7e-m+fp/hard\libg_nano.a(libc_a-memset.o)
                0x080001c4                memset
 .text          0x08000268       0x50 D:/Msys2/mingw64/bin/../lib/gcc/arm-none-eabi/13.3.0/../../../../arm-none-eabi/lib/thumb/v7e-m+fp/hard\libg_nano.a(libc_a-init.o)
                0x08000268                __libc_init_array
 .text          0x080002b8      0x134 D:/Msys2/mingw64/bin/../lib/gcc/arm-none-eabi/13.3.0/../../../../arm-none-eabi/lib/thumb/v7e-m+fp/hard\libg_nano.a(libc_a-memcpy.o)
                0x080002b8                memcpy
 *(.text*)
 .text.__do_global_dtors_aux
                0x080003ec       0x24 D:/Msys2/mingw64/bin/../lib/gcc/arm-none-eabi/13.3.0/thumb/v7e-m+fp/hard/crtbegin.o
 .text.frame_dummy
                0x08000410       0x1c D:/Msys2/mingw64/bin/../lib/gcc/arm-none-eabi/13.3.0/thumb/v7e-m+fp/hard/crtbegin.o
 .text.SystemInit
                0x0800042c       0x24 cmake/stm32cubemx/CMakeFiles/STM32_Drivers.dir/__/__/Core/Src/system_stm32f4xx.c.obj
                0x0800042c                SystemInit
 .text.HAL_RCC_OscConfig
                0x08000450      0x4f0 cmake/stm32cubemx/CMakeFiles/STM32_Drivers.dir/__/__/Drivers/STM32F4xx_HAL_Driver/Src/stm32f4xx_hal_rcc.c.obj
                0x08000450                HAL_RCC_OscConfig
 .text.HAL_RCC_ClockConfig
                0x08000940      0x1cc cmake/stm32cubemx/CMakeFiles/STM32_Drivers.dir/__/__/Drivers/STM32F4xx_HAL_Driver/Src/stm32f4xx_hal_rcc.c.obj
                0x08000940                HAL_RCC_ClockConfig
 .text.HAL_RCC_GetSysClockFreq
                0x08000b0c      0x18c cmake/stm32cubemx/CMakeFiles/STM32_Drivers.dir/__/__/Drivers/STM32F4xx_HAL_Driver/Src/stm32f4xx_hal_rcc.c.obj
                0x08000b0c                HAL_RCC_GetSysClockFreq
 .text.HAL_GPIO_Init
                0x08000c98      0x338 cmake/stm32cubemx/CMakeFiles/STM32_Drivers.dir/__/__/Drivers/STM32F4xx_HAL_Driver/Src/stm32f4xx_hal_gpio.c.obj
                0x08000c98                HAL_GPIO_Init
 .text.HAL_GPIO_WritePin
                0x08000fd0       0x32 cmake/stm32cubemx/CMakeFiles/STM32_Drivers.dir/__/__/Drivers/STM32F4xx_HAL_Driver/Src/stm32f4xx_hal_gpio.c.obj
                0x08000fd0                HAL_GPIO_WritePin
 .text.HAL_GPIO_TogglePin
                0x08001002       0x34 cmake/stm32cubemx/CMakeFiles/STM32_Drivers.dir/__/__/Drivers/STM32F4xx_HAL_Driver/Src/stm32f4xx_hal_gpio.c.obj
                0x08001002                HAL_GPIO_TogglePin
 *fill*         0x08001036        0x2 
 .text.__NVIC_SetPriorityGrouping
                0x08001038       0x48 cmake/stm32cubemx/CMakeFiles/STM32_Drivers.dir/__/__/Drivers/STM32F4xx_HAL_Driver/Src/stm32f4xx_hal_cortex.c.obj
 .text.__NVIC_GetPriorityGrouping
                0x08001080       0x1c cmake/stm32cubemx/CMakeFiles/STM32_Drivers.dir/__/__/Drivers/STM32F4xx_HAL_Driver/Src/stm32f4xx_hal_cortex.c.obj
 .text.__NVIC_SetPriority
                0x0800109c       0x54 cmake/stm32cubemx/CMakeFiles/STM32_Drivers.dir/__/__/Drivers/STM32F4xx_HAL_Driver/Src/stm32f4xx_hal_cortex.c.obj
 .text.NVIC_EncodePriority
                0x080010f0       0x66 cmake/stm32cubemx/CMakeFiles/STM32_Drivers.dir/__/__/Drivers/STM32F4xx_HAL_Driver/Src/stm32f4xx_hal_cortex.c.obj
 *fill*         0x08001156        0x2 
 .text.SysTick_Config
                0x08001158       0x44 cmake/stm32cubemx/CMakeFiles/STM32_Drivers.dir/__/__/Drivers/STM32F4xx_HAL_Driver/Src/stm32f4xx_hal_cortex.c.obj
 .text.HAL_NVIC_SetPriorityGrouping
                0x0800119c       0x16 cmake/stm32cubemx/CMakeFiles/STM32_Drivers.dir/__/__/Drivers/STM32F4xx_HAL_Driver/Src/stm32f4xx_hal_cortex.c.obj
                0x0800119c                HAL_NVIC_SetPriorityGrouping
 .text.HAL_NVIC_SetPriority
                0x080011b2       0x38 cmake/stm32cubemx/CMakeFiles/STM32_Drivers.dir/__/__/Drivers/STM32F4xx_HAL_Driver/Src/stm32f4xx_hal_cortex.c.obj
                0x080011b2                HAL_NVIC_SetPriority
 .text.HAL_SYSTICK_Config
                0x080011ea       0x18 cmake/stm32cubemx/CMakeFiles/STM32_Drivers.dir/__/__/Drivers/STM32F4xx_HAL_Driver/Src/stm32f4xx_hal_cortex.c.obj
                0x080011ea                HAL_SYSTICK_Config
 *fill*         0x08001202        0x2 
 .text.HAL_Init
                0x08001204       0x44 cmake/stm32cubemx/CMakeFiles/STM32_Drivers.dir/__/__/Drivers/STM32F4xx_HAL_Driver/Src/stm32f4xx_hal.c.obj
                0x08001204                HAL_Init
 .text.HAL_InitTick
                0x08001248       0x60 cmake/stm32cubemx/CMakeFiles/STM32_Drivers.dir/__/__/Drivers/STM32F4xx_HAL_Driver/Src/stm32f4xx_hal.c.obj
                0x08001248                HAL_InitTick
 .text.HAL_IncTick
                0x080012a8       0x28 cmake/stm32cubemx/CMakeFiles/STM32_Drivers.dir/__/__/Drivers/STM32F4xx_HAL_Driver/Src/stm32f4xx_hal.c.obj
                0x080012a8                HAL_IncTick
 .text.HAL_GetTick
                0x080012d0       0x18 cmake/stm32cubemx/CMakeFiles/STM32_Drivers.dir/__/__/Drivers/STM32F4xx_HAL_Driver/Src/stm32f4xx_hal.c.obj
                0x080012d0                HAL_GetTick
 .text.vListInitialise
                0x080012e8       0x40 cmake/stm32cubemx/CMakeFiles/FreeRTOS.dir/__/__/Middlewares/Third_Party/FreeRTOS/Source/list.c.obj
                0x080012e8                vListInitialise
 .text.vListInitialiseItem
                0x08001328       0x1a cmake/stm32cubemx/CMakeFiles/FreeRTOS.dir/__/__/Middlewares/Third_Party/FreeRTOS/Source/list.c.obj
                0x08001328                vListInitialiseItem
 .text.vListInsertEnd
                0x08001342       0x48 cmake/stm32cubemx/CMakeFiles/FreeRTOS.dir/__/__/Middlewares/Third_Party/FreeRTOS/Source/list.c.obj
                0x08001342                vListInsertEnd
 .text.vListInsert
                0x0800138a       0x72 cmake/stm32cubemx/CMakeFiles/FreeRTOS.dir/__/__/Middlewares/Third_Party/FreeRTOS/Source/list.c.obj
                0x0800138a                vListInsert
 .text.uxListRemove
                0x080013fc       0x54 cmake/stm32cubemx/CMakeFiles/FreeRTOS.dir/__/__/Middlewares/Third_Party/FreeRTOS/Source/list.c.obj
                0x080013fc                uxListRemove
 .text.xQueueGenericReset
                0x08001450       0xd4 cmake/stm32cubemx/CMakeFiles/FreeRTOS.dir/__/__/Middlewares/Third_Party/FreeRTOS/Source/queue.c.obj
                0x08001450                xQueueGenericReset
 .text.xQueueGenericCreateStatic
                0x08001524       0xfa cmake/stm32cubemx/CMakeFiles/FreeRTOS.dir/__/__/Middlewares/Third_Party/FreeRTOS/Source/queue.c.obj
                0x08001524                xQueueGenericCreateStatic
 .text.prvInitialiseNewQueue
                0x0800161e       0x46 cmake/stm32cubemx/CMakeFiles/FreeRTOS.dir/__/__/Middlewares/Third_Party/FreeRTOS/Source/queue.c.obj
 .text.xQueueGenericSend
                0x08001664      0x204 cmake/stm32cubemx/CMakeFiles/FreeRTOS.dir/__/__/Middlewares/Third_Party/FreeRTOS/Source/queue.c.obj
                0x08001664                xQueueGenericSend
 .text.xQueueGenericSendFromISR
                0x08001868      0x13c cmake/stm32cubemx/CMakeFiles/FreeRTOS.dir/__/__/Middlewares/Third_Party/FreeRTOS/Source/queue.c.obj
                0x08001868                xQueueGenericSendFromISR
 .text.xQueueReceive
                0x080019a4      0x1c4 cmake/stm32cubemx/CMakeFiles/FreeRTOS.dir/__/__/Middlewares/Third_Party/FreeRTOS/Source/queue.c.obj
                0x080019a4                xQueueReceive
 .text.prvCopyDataToQueue
                0x08001b68       0xd4 cmake/stm32cubemx/CMakeFiles/FreeRTOS.dir/__/__/Middlewares/Third_Party/FreeRTOS/Source/queue.c.obj
 .text.prvCopyDataFromQueue
                0x08001c3c       0x4c cmake/stm32cubemx/CMakeFiles/FreeRTOS.dir/__/__/Middlewares/Third_Party/FreeRTOS/Source/queue.c.obj
 .text.prvUnlockQueue
                0x08001c88       0xa4 cmake/stm32cubemx/CMakeFiles/FreeRTOS.dir/__/__/Middlewares/Third_Party/FreeRTOS/Source/queue.c.obj
 .text.prvIsQueueEmpty
                0x08001d2c       0x2c cmake/stm32cubemx/CMakeFiles/FreeRTOS.dir/__/__/Middlewares/Third_Party/FreeRTOS/Source/queue.c.obj
 .text.prvIsQueueFull
                0x08001d58       0x30 cmake/stm32cubemx/CMakeFiles/FreeRTOS.dir/__/__/Middlewares/Third_Party/FreeRTOS/Source/queue.c.obj
 .text.vQueueAddToRegistry
                0x08001d88       0x54 cmake/stm32cubemx/CMakeFiles/FreeRTOS.dir/__/__/Middlewares/Third_Party/FreeRTOS/Source/queue.c.obj
                0x08001d88                vQueueAddToRegistry
 .text.vQueueWaitForMessageRestricted
                0x08001ddc       0x68 cmake/stm32cubemx/CMakeFiles/FreeRTOS.dir/__/__/Middlewares/Third_Party/FreeRTOS/Source/queue.c.obj
                0x08001ddc                vQueueWaitForMessageRestricted
 .text.xTaskCreateStatic
                0x08001e44       0xc0 cmake/stm32cubemx/CMakeFiles/FreeRTOS.dir/__/__/Middlewares/Third_Party/FreeRTOS/Source/tasks.c.obj
                0x08001e44                xTaskCreateStatic
 .text.xTaskCreate
                0x08001f04       0x8a cmake/stm32cubemx/CMakeFiles/FreeRTOS.dir/__/__/Middlewares/Third_Party/FreeRTOS/Source/tasks.c.obj
                0x08001f04                xTaskCreate
 .text.prvInitialiseNewTask
                0x08001f8e      0x120 cmake/stm32cubemx/CMakeFiles/FreeRTOS.dir/__/__/Middlewares/Third_Party/FreeRTOS/Source/tasks.c.obj
 *fill*         0x080020ae        0x2 
 .text.prvAddNewTaskToReadyList
                0x080020b0       0xe0 cmake/stm32cubemx/CMakeFiles/FreeRTOS.dir/__/__/Middlewares/Third_Party/FreeRTOS/Source/tasks.c.obj
 .text.vTaskDelay
                0x08002190       0x6c cmake/stm32cubemx/CMakeFiles/FreeRTOS.dir/__/__/Middlewares/Third_Party/FreeRTOS/Source/tasks.c.obj
                0x08002190                vTaskDelay
 .text.vTaskStartScheduler
                0x080021fc       0xd0 cmake/stm32cubemx/CMakeFiles/FreeRTOS.dir/__/__/Middlewares/Third_Party/FreeRTOS/Source/tasks.c.obj
                0x080021fc                vTaskStartScheduler
 .text.vTaskSuspendAll
                0x080022cc       0x1c cmake/stm32cubemx/CMakeFiles/FreeRTOS.dir/__/__/Middlewares/Third_Party/FreeRTOS/Source/tasks.c.obj
                0x080022cc                vTaskSuspendAll
 .text.xTaskResumeAll
                0x080022e8      0x13c cmake/stm32cubemx/CMakeFiles/FreeRTOS.dir/__/__/Middlewares/Third_Party/FreeRTOS/Source/tasks.c.obj
                0x080022e8                xTaskResumeAll
 .text.xTaskGetTickCount
                0x08002424       0x20 cmake/stm32cubemx/CMakeFiles/FreeRTOS.dir/__/__/Middlewares/Third_Party/FreeRTOS/Source/tasks.c.obj
                0x08002424                xTaskGetTickCount
 .text.xTaskIncrementTick
                0x08002444      0x174 cmake/stm32cubemx/CMakeFiles/FreeRTOS.dir/__/__/Middlewares/Third_Party/FreeRTOS/Source/tasks.c.obj
                0x08002444                xTaskIncrementTick
 .text.vTaskSwitchContext
                0x080025b8       0xbc cmake/stm32cubemx/CMakeFiles/FreeRTOS.dir/__/__/Middlewares/Third_Party/FreeRTOS/Source/tasks.c.obj
                0x080025b8                vTaskSwitchContext
 .text.vTaskPlaceOnEventList
                0x08002674       0x4c cmake/stm32cubemx/CMakeFiles/FreeRTOS.dir/__/__/Middlewares/Third_Party/FreeRTOS/Source/tasks.c.obj
                0x08002674                vTaskPlaceOnEventList
 .text.vTaskPlaceOnEventListRestricted
                0x080026c0       0x58 cmake/stm32cubemx/CMakeFiles/FreeRTOS.dir/__/__/Middlewares/Third_Party/FreeRTOS/Source/tasks.c.obj
                0x080026c0                vTaskPlaceOnEventListRestricted
 .text.xTaskRemoveFromEventList
                0x08002718       0xc8 cmake/stm32cubemx/CMakeFiles/FreeRTOS.dir/__/__/Middlewares/Third_Party/FreeRTOS/Source/tasks.c.obj
                0x08002718                xTaskRemoveFromEventList
 .text.vTaskInternalSetTimeOutState
                0x080027e0       0x2c cmake/stm32cubemx/CMakeFiles/FreeRTOS.dir/__/__/Middlewares/Third_Party/FreeRTOS/Source/tasks.c.obj
                0x080027e0                vTaskInternalSetTimeOutState
 .text.xTaskCheckForTimeOut
                0x0800280c       0xc8 cmake/stm32cubemx/CMakeFiles/FreeRTOS.dir/__/__/Middlewares/Third_Party/FreeRTOS/Source/tasks.c.obj
                0x0800280c                xTaskCheckForTimeOut
 .text.vTaskMissedYield
                0x080028d4       0x18 cmake/stm32cubemx/CMakeFiles/FreeRTOS.dir/__/__/Middlewares/Third_Party/FreeRTOS/Source/tasks.c.obj
                0x080028d4                vTaskMissedYield
 .text.prvIdleTask
                0x080028ec       0x30 cmake/stm32cubemx/CMakeFiles/FreeRTOS.dir/__/__/Middlewares/Third_Party/FreeRTOS/Source/tasks.c.obj
 .text.prvInitialiseTaskLists
                0x0800291c       0x80 cmake/stm32cubemx/CMakeFiles/FreeRTOS.dir/__/__/Middlewares/Third_Party/FreeRTOS/Source/tasks.c.obj
 .text.prvCheckTasksWaitingTermination
                0x0800299c       0x5c cmake/stm32cubemx/CMakeFiles/FreeRTOS.dir/__/__/Middlewares/Third_Party/FreeRTOS/Source/tasks.c.obj
 .text.prvDeleteTCB
                0x080029f8       0x60 cmake/stm32cubemx/CMakeFiles/FreeRTOS.dir/__/__/Middlewares/Third_Party/FreeRTOS/Source/tasks.c.obj
 .text.prvResetNextTaskUnblockTime
                0x08002a58       0x40 cmake/stm32cubemx/CMakeFiles/FreeRTOS.dir/__/__/Middlewares/Third_Party/FreeRTOS/Source/tasks.c.obj
 .text.xTaskGetSchedulerState
                0x08002a98       0x3c cmake/stm32cubemx/CMakeFiles/FreeRTOS.dir/__/__/Middlewares/Third_Party/FreeRTOS/Source/tasks.c.obj
                0x08002a98                xTaskGetSchedulerState
 .text.xTaskPriorityDisinherit
                0x08002ad4       0xe0 cmake/stm32cubemx/CMakeFiles/FreeRTOS.dir/__/__/Middlewares/Third_Party/FreeRTOS/Source/tasks.c.obj
                0x08002ad4                xTaskPriorityDisinherit
 .text.prvAddCurrentTaskToDelayedList
                0x08002bb4       0xa8 cmake/stm32cubemx/CMakeFiles/FreeRTOS.dir/__/__/Middlewares/Third_Party/FreeRTOS/Source/tasks.c.obj
 .text.xTimerCreateTimerTask
                0x08002c5c       0x94 cmake/stm32cubemx/CMakeFiles/FreeRTOS.dir/__/__/Middlewares/Third_Party/FreeRTOS/Source/timers.c.obj
                0x08002c5c                xTimerCreateTimerTask
 .text.xTimerGenericCommand
                0x08002cf0       0x9c cmake/stm32cubemx/CMakeFiles/FreeRTOS.dir/__/__/Middlewares/Third_Party/FreeRTOS/Source/timers.c.obj
                0x08002cf0                xTimerGenericCommand
 .text.prvProcessExpiredTimer
                0x08002d8c       0x9c cmake/stm32cubemx/CMakeFiles/FreeRTOS.dir/__/__/Middlewares/Third_Party/FreeRTOS/Source/timers.c.obj
 .text.prvTimerTask
                0x08002e28       0x26 cmake/stm32cubemx/CMakeFiles/FreeRTOS.dir/__/__/Middlewares/Third_Party/FreeRTOS/Source/timers.c.obj
 *fill*         0x08002e4e        0x2 
 .text.prvProcessTimerOrBlockTask
                0x08002e50       0x9c cmake/stm32cubemx/CMakeFiles/FreeRTOS.dir/__/__/Middlewares/Third_Party/FreeRTOS/Source/timers.c.obj
 .text.prvGetNextExpireTime
                0x08002eec       0x48 cmake/stm32cubemx/CMakeFiles/FreeRTOS.dir/__/__/Middlewares/Third_Party/FreeRTOS/Source/timers.c.obj
 .text.prvSampleTimeNow
                0x08002f34       0x40 cmake/stm32cubemx/CMakeFiles/FreeRTOS.dir/__/__/Middlewares/Third_Party/FreeRTOS/Source/timers.c.obj
 .text.prvInsertTimerInActiveList
                0x08002f74       0x84 cmake/stm32cubemx/CMakeFiles/FreeRTOS.dir/__/__/Middlewares/Third_Party/FreeRTOS/Source/timers.c.obj
 .text.prvProcessReceivedCommands
                0x08002ff8      0x1cc cmake/stm32cubemx/CMakeFiles/FreeRTOS.dir/__/__/Middlewares/Third_Party/FreeRTOS/Source/timers.c.obj
 .text.prvSwitchTimerLists
                0x080031c4       0xcc cmake/stm32cubemx/CMakeFiles/FreeRTOS.dir/__/__/Middlewares/Third_Party/FreeRTOS/Source/timers.c.obj
 .text.prvCheckForValidListAndQueue
                0x08003290       0x80 cmake/stm32cubemx/CMakeFiles/FreeRTOS.dir/__/__/Middlewares/Third_Party/FreeRTOS/Source/timers.c.obj
 .text.__NVIC_SetPriority
                0x08003310       0x54 cmake/stm32cubemx/CMakeFiles/FreeRTOS.dir/__/__/Middlewares/Third_Party/FreeRTOS/Source/CMSIS_RTOS_V2/cmsis_os2.c.obj
 .text.SVC_Setup
                0x08003364       0x12 cmake/stm32cubemx/CMakeFiles/FreeRTOS.dir/__/__/Middlewares/Third_Party/FreeRTOS/Source/CMSIS_RTOS_V2/cmsis_os2.c.obj
 *fill*         0x08003376        0x2 
 .text.osKernelInitialize
                0x08003378       0x48 cmake/stm32cubemx/CMakeFiles/FreeRTOS.dir/__/__/Middlewares/Third_Party/FreeRTOS/Source/CMSIS_RTOS_V2/cmsis_os2.c.obj
                0x08003378                osKernelInitialize
 .text.osKernelStart
                0x080033c0       0x4c cmake/stm32cubemx/CMakeFiles/FreeRTOS.dir/__/__/Middlewares/Third_Party/FreeRTOS/Source/CMSIS_RTOS_V2/cmsis_os2.c.obj
                0x080033c0                osKernelStart
 .text.osThreadNew
                0x0800340c      0x124 cmake/stm32cubemx/CMakeFiles/FreeRTOS.dir/__/__/Middlewares/Third_Party/FreeRTOS/Source/CMSIS_RTOS_V2/cmsis_os2.c.obj
                0x0800340c                osThreadNew
 .text.osDelay  0x08003530       0x36 cmake/stm32cubemx/CMakeFiles/FreeRTOS.dir/__/__/Middlewares/Third_Party/FreeRTOS/Source/CMSIS_RTOS_V2/cmsis_os2.c.obj
                0x08003530                osDelay
 *fill*         0x08003566        0x2 
 .text.vApplicationGetIdleTaskMemory
                0x08003568       0x34 cmake/stm32cubemx/CMakeFiles/FreeRTOS.dir/__/__/Middlewares/Third_Party/FreeRTOS/Source/CMSIS_RTOS_V2/cmsis_os2.c.obj
                0x08003568                vApplicationGetIdleTaskMemory
 .text.vApplicationGetTimerTaskMemory
                0x0800359c       0x34 cmake/stm32cubemx/CMakeFiles/FreeRTOS.dir/__/__/Middlewares/Third_Party/FreeRTOS/Source/CMSIS_RTOS_V2/cmsis_os2.c.obj
                0x0800359c                vApplicationGetTimerTaskMemory
 .text.pvPortMalloc
                0x080035d0      0x19c cmake/stm32cubemx/CMakeFiles/FreeRTOS.dir/__/__/Middlewares/Third_Party/FreeRTOS/Source/portable/MemMang/heap_4.c.obj
                0x080035d0                pvPortMalloc
 .text.vPortFree
                0x0800376c       0xc8 cmake/stm32cubemx/CMakeFiles/FreeRTOS.dir/__/__/Middlewares/Third_Party/FreeRTOS/Source/portable/MemMang/heap_4.c.obj
                0x0800376c                vPortFree
 .text.prvHeapInit
                0x08003834       0xc4 cmake/stm32cubemx/CMakeFiles/FreeRTOS.dir/__/__/Middlewares/Third_Party/FreeRTOS/Source/portable/MemMang/heap_4.c.obj
 .text.prvInsertBlockIntoFreeList
                0x080038f8       0xb4 cmake/stm32cubemx/CMakeFiles/FreeRTOS.dir/__/__/Middlewares/Third_Party/FreeRTOS/Source/portable/MemMang/heap_4.c.obj
 .text.pxPortInitialiseStack
                0x080039ac       0x68 cmake/stm32cubemx/CMakeFiles/FreeRTOS.dir/__/__/Middlewares/Third_Party/FreeRTOS/Source/portable/GCC/ARM_CM4F/port.c.obj
                0x080039ac                pxPortInitialiseStack
 .text.prvTaskExitError
                0x08003a14       0x5c cmake/stm32cubemx/CMakeFiles/FreeRTOS.dir/__/__/Middlewares/Third_Party/FreeRTOS/Source/portable/GCC/ARM_CM4F/port.c.obj
 .text.SVC_Handler
                0x08003a70       0x28 cmake/stm32cubemx/CMakeFiles/FreeRTOS.dir/__/__/Middlewares/Third_Party/FreeRTOS/Source/portable/GCC/ARM_CM4F/port.c.obj
                0x08003a70                SVC_Handler
 .text.prvPortStartFirstTask
                0x08003a98       0x28 cmake/stm32cubemx/CMakeFiles/FreeRTOS.dir/__/__/Middlewares/Third_Party/FreeRTOS/Source/portable/GCC/ARM_CM4F/port.c.obj
 .text.xPortStartScheduler
                0x08003ac0      0x148 cmake/stm32cubemx/CMakeFiles/FreeRTOS.dir/__/__/Middlewares/Third_Party/FreeRTOS/Source/portable/GCC/ARM_CM4F/port.c.obj
                0x08003ac0                xPortStartScheduler
 .text.vPortEnterCritical
                0x08003c08       0x64 cmake/stm32cubemx/CMakeFiles/FreeRTOS.dir/__/__/Middlewares/Third_Party/FreeRTOS/Source/portable/GCC/ARM_CM4F/port.c.obj
                0x08003c08                vPortEnterCritical
 .text.vPortExitCritical
                0x08003c6c       0x54 cmake/stm32cubemx/CMakeFiles/FreeRTOS.dir/__/__/Middlewares/Third_Party/FreeRTOS/Source/portable/GCC/ARM_CM4F/port.c.obj
                0x08003c6c                vPortExitCritical
 .text.PendSV_Handler
                0x08003cc0       0x68 cmake/stm32cubemx/CMakeFiles/FreeRTOS.dir/__/__/Middlewares/Third_Party/FreeRTOS/Source/portable/GCC/ARM_CM4F/port.c.obj
                0x08003cc0                PendSV_Handler
 .text.xPortSysTickHandler
                0x08003d28       0x44 cmake/stm32cubemx/CMakeFiles/FreeRTOS.dir/__/__/Middlewares/Third_Party/FreeRTOS/Source/portable/GCC/ARM_CM4F/port.c.obj
                0x08003d28                xPortSysTickHandler
 .text.vPortSetupTimerInterrupt
                0x08003d6c       0x48 cmake/stm32cubemx/CMakeFiles/FreeRTOS.dir/__/__/Middlewares/Third_Party/FreeRTOS/Source/portable/GCC/ARM_CM4F/port.c.obj
                0x08003d6c                vPortSetupTimerInterrupt
 .text.vPortEnableVFP
                0x08003db4       0x14 cmake/stm32cubemx/CMakeFiles/FreeRTOS.dir/__/__/Middlewares/Third_Party/FreeRTOS/Source/portable/GCC/ARM_CM4F/port.c.obj
 .text.vPortValidateInterruptPriority
                0x08003dc8       0x84 cmake/stm32cubemx/CMakeFiles/FreeRTOS.dir/__/__/Middlewares/Third_Party/FreeRTOS/Source/portable/GCC/ARM_CM4F/port.c.obj
                0x08003dc8                vPortValidateInterruptPriority
 .text.main     0x08003e4c       0x20 CMakeFiles/task_manager_led.dir/Core/Src/main.c.obj
                0x08003e4c                main
 .text.SystemClock_Config
                0x08003e6c       0xd4 CMakeFiles/task_manager_led.dir/Core/Src/main.c.obj
                0x08003e6c                SystemClock_Config
 .text.Error_Handler
                0x08003f40        0xc CMakeFiles/task_manager_led.dir/Core/Src/main.c.obj
                0x08003f40                Error_Handler
 .text.MX_GPIO_Init
                0x08003f4c       0x88 CMakeFiles/task_manager_led.dir/Core/Src/gpio.c.obj
                0x08003f4c                MX_GPIO_Init
 .text.MX_FREERTOS_Init
                0x08003fd4       0x3c CMakeFiles/task_manager_led.dir/Core/Src/freertos.c.obj
                0x08003fd4                MX_FREERTOS_Init
 .text.StartDefaultTask
                0x08004010       0x10 CMakeFiles/task_manager_led.dir/Core/Src/freertos.c.obj
                0x08004010                StartDefaultTask
 .text.LedDefaultTask
                0x08004020       0x24 CMakeFiles/task_manager_led.dir/Core/Src/freertos.c.obj
                0x08004020                LedDefaultTask
 .text.NMI_Handler
                0x08004044        0x8 CMakeFiles/task_manager_led.dir/Core/Src/stm32f4xx_it.c.obj
                0x08004044                NMI_Handler
 .text.HardFault_Handler
                0x0800404c        0x8 CMakeFiles/task_manager_led.dir/Core/Src/stm32f4xx_it.c.obj
                0x0800404c                HardFault_Handler
 .text.MemManage_Handler
                0x08004054        0x8 CMakeFiles/task_manager_led.dir/Core/Src/stm32f4xx_it.c.obj
                0x08004054                MemManage_Handler
 .text.BusFault_Handler
                0x0800405c        0x8 CMakeFiles/task_manager_led.dir/Core/Src/stm32f4xx_it.c.obj
                0x0800405c                BusFault_Handler
 .text.UsageFault_Handler
                0x08004064        0x8 CMakeFiles/task_manager_led.dir/Core/Src/stm32f4xx_it.c.obj
                0x08004064                UsageFault_Handler
 .text.DebugMon_Handler
                0x0800406c        0xe CMakeFiles/task_manager_led.dir/Core/Src/stm32f4xx_it.c.obj
                0x0800406c                DebugMon_Handler
 .text.SysTick_Handler
                0x0800407a       0x1a CMakeFiles/task_manager_led.dir/Core/Src/stm32f4xx_it.c.obj
                0x0800407a                SysTick_Handler
 .text.HAL_MspInit
                0x08004094       0x58 CMakeFiles/task_manager_led.dir/Core/Src/stm32f4xx_hal_msp.c.obj
                0x08004094                HAL_MspInit
 .text.Reset_Handler
                0x080040ec       0x50 CMakeFiles/task_manager_led.dir/startup_stm32f407xx.s.obj
                0x080040ec                Reset_Handler
 .text.Default_Handler
                0x0800413c        0x2 CMakeFiles/task_manager_led.dir/startup_stm32f407xx.s.obj
                0x0800413c                RTC_Alarm_IRQHandler
                0x0800413c                HASH_RNG_IRQHandler
                0x0800413c                EXTI2_IRQHandler
                0x0800413c                TIM8_CC_IRQHandler
                0x0800413c                TIM1_CC_IRQHandler
                0x0800413c                DMA2_Stream5_IRQHandler
                0x0800413c                DMA1_Stream5_IRQHandler
                0x0800413c                PVD_IRQHandler
                0x0800413c                SDIO_IRQHandler
                0x0800413c                TAMP_STAMP_IRQHandler
                0x0800413c                CAN2_RX1_IRQHandler
                0x0800413c                EXTI3_IRQHandler
                0x0800413c                TIM8_TRG_COM_TIM14_IRQHandler
                0x0800413c                TIM1_UP_TIM10_IRQHandler
                0x0800413c                TIM8_UP_TIM13_IRQHandler
                0x0800413c                I2C3_ER_IRQHandler
                0x0800413c                EXTI0_IRQHandler
                0x0800413c                I2C2_EV_IRQHandler
                0x0800413c                DMA1_Stream2_IRQHandler
                0x0800413c                CAN1_RX0_IRQHandler
                0x0800413c                FPU_IRQHandler
                0x0800413c                OTG_HS_WKUP_IRQHandler
                0x0800413c                CAN2_SCE_IRQHandler
                0x0800413c                DMA2_Stream2_IRQHandler
                0x0800413c                SPI1_IRQHandler
                0x0800413c                TIM6_DAC_IRQHandler
                0x0800413c                TIM1_BRK_TIM9_IRQHandler
                0x0800413c                DCMI_IRQHandler
                0x0800413c                CAN2_RX0_IRQHandler
                0x0800413c                DMA2_Stream3_IRQHandler
                0x0800413c                USART6_IRQHandler
                0x0800413c                USART3_IRQHandler
                0x0800413c                CAN1_RX1_IRQHandler
                0x0800413c                UART5_IRQHandler
                0x0800413c                DMA2_Stream0_IRQHandler
                0x0800413c                TIM4_IRQHandler
                0x0800413c                I2C1_EV_IRQHandler
                0x0800413c                DMA1_Stream6_IRQHandler
                0x0800413c                DMA1_Stream1_IRQHandler
                0x0800413c                UART4_IRQHandler
                0x0800413c                TIM3_IRQHandler
                0x0800413c                RCC_IRQHandler
                0x0800413c                TIM8_BRK_TIM12_IRQHandler
                0x0800413c                Default_Handler
                0x0800413c                EXTI15_10_IRQHandler
                0x0800413c                ADC_IRQHandler
                0x0800413c                DMA1_Stream7_IRQHandler
                0x0800413c                TIM7_IRQHandler
                0x0800413c                CAN2_TX_IRQHandler
                0x0800413c                TIM5_IRQHandler
                0x0800413c                DMA2_Stream7_IRQHandler
                0x0800413c                I2C3_EV_IRQHandler
                0x0800413c                EXTI9_5_IRQHandler
                0x0800413c                RTC_WKUP_IRQHandler
                0x0800413c                ETH_WKUP_IRQHandler
                0x0800413c                SPI2_IRQHandler
                0x0800413c                OTG_HS_EP1_IN_IRQHandler
                0x0800413c                DMA1_Stream0_IRQHandler
                0x0800413c                CAN1_TX_IRQHandler
                0x0800413c                EXTI4_IRQHandler
                0x0800413c                FSMC_IRQHandler
                0x0800413c                ETH_IRQHandler
                0x0800413c                OTG_HS_EP1_OUT_IRQHandler
                0x0800413c                WWDG_IRQHandler
                0x0800413c                TIM2_IRQHandler
                0x0800413c                OTG_FS_WKUP_IRQHandler
                0x0800413c                TIM1_TRG_COM_TIM11_IRQHandler
                0x0800413c                OTG_HS_IRQHandler
                0x0800413c                EXTI1_IRQHandler
                0x0800413c                USART2_IRQHandler
                0x0800413c                I2C2_ER_IRQHandler
                0x0800413c                DMA2_Stream1_IRQHandler
                0x0800413c                CAN1_SCE_IRQHandler
                0x0800413c                FLASH_IRQHandler
                0x0800413c                DMA2_Stream4_IRQHandler
                0x0800413c                USART1_IRQHandler
                0x0800413c                OTG_FS_IRQHandler
                0x0800413c                SPI3_IRQHandler
                0x0800413c                DMA1_Stream4_IRQHandler
                0x0800413c                I2C1_ER_IRQHandler
                0x0800413c                DMA2_Stream6_IRQHandler
                0x0800413c                DMA1_Stream3_IRQHandler
 .text.__udivmoddi4
                0x0800413e      0x2a0 D:/Msys2/mingw64/bin/../lib/gcc/arm-none-eabi/13.3.0/thumb/v7e-m+fp/hard\libgcc.a(_udivmoddi4.o)
                0x0800413e                __udivmoddi4
 *(.glue_7)
 .glue_7        0x080043de        0x0 linker stubs
 *(.glue_7t)
 .glue_7t       0x080043de        0x0 linker stubs
 *(.eh_frame)
 *fill*         0x080043de        0x2 
 .eh_frame      0x080043e0        0x0 D:/Msys2/mingw64/bin/../lib/gcc/arm-none-eabi/13.3.0/thumb/v7e-m+fp/hard/crtbegin.o
 *(.init)
 .init          0x080043e0        0x4 D:/Msys2/mingw64/bin/../lib/gcc/arm-none-eabi/13.3.0/thumb/v7e-m+fp/hard/crti.o
                0x080043e0                _init
 .init          0x080043e4        0x8 D:/Msys2/mingw64/bin/../lib/gcc/arm-none-eabi/13.3.0/thumb/v7e-m+fp/hard/crtn.o
 *(.fini)
 .fini          0x080043ec        0x4 D:/Msys2/mingw64/bin/../lib/gcc/arm-none-eabi/13.3.0/thumb/v7e-m+fp/hard/crti.o
                0x080043ec                _fini
 .fini          0x080043f0        0x8 D:/Msys2/mingw64/bin/../lib/gcc/arm-none-eabi/13.3.0/thumb/v7e-m+fp/hard/crtn.o
                0x080043f8                        . = ALIGN (0x4)
                0x080043f8                        _etext = .

.vfp11_veneer   0x080043f8        0x0
 .vfp11_veneer  0x080043f8        0x0 linker stubs

.v4_bx          0x080043f8        0x0
 .v4_bx         0x080043f8        0x0 linker stubs

.iplt           0x080043f8        0x0
 .iplt          0x080043f8        0x0 D:/Msys2/mingw64/bin/../lib/gcc/arm-none-eabi/13.3.0/thumb/v7e-m+fp/hard/crtbegin.o

.rodata         0x080043f8       0x60
                0x080043f8                        . = ALIGN (0x4)
 *(.rodata)
 .rodata        0x080043f8        0x5 cmake/stm32cubemx/CMakeFiles/FreeRTOS.dir/__/__/Middlewares/Third_Party/FreeRTOS/Source/tasks.c.obj
 *fill*         0x080043fd        0x3 
 .rodata        0x08004400        0xd cmake/stm32cubemx/CMakeFiles/FreeRTOS.dir/__/__/Middlewares/Third_Party/FreeRTOS/Source/timers.c.obj
 *fill*         0x0800440d        0x3 
 .rodata        0x08004410       0x14 CMakeFiles/task_manager_led.dir/Core/Src/freertos.c.obj
 *(.rodata*)
 .rodata.AHBPrescTable
                0x08004424       0x10 cmake/stm32cubemx/CMakeFiles/STM32_Drivers.dir/__/__/Core/Src/system_stm32f4xx.c.obj
                0x08004424                AHBPrescTable
 .rodata.defaultTask_attributes
                0x08004434       0x24 CMakeFiles/task_manager_led.dir/Core/Src/freertos.c.obj
                0x08004434                defaultTask_attributes
                0x08004458                        . = ALIGN (0x4)

.ARM.extab      0x08004458        0x0
                0x08004458                        . = ALIGN (0x4)
 *(.ARM.extab* .gnu.linkonce.armextab.*)
                0x08004458                        . = ALIGN (0x4)

.ARM            0x08004458        0x8
                0x08004458                        . = ALIGN (0x4)
                0x08004458                        __exidx_start = .
 *(.ARM.exidx*)
 .ARM.exidx     0x08004458        0x8 D:/Msys2/mingw64/bin/../lib/gcc/arm-none-eabi/13.3.0/../../../../arm-none-eabi/lib/thumb/v7e-m+fp/hard\libg_nano.a(libc_a-memcpy.o)
 .ARM.exidx.text.__udivmoddi4
                0x08004460        0x0 D:/Msys2/mingw64/bin/../lib/gcc/arm-none-eabi/13.3.0/thumb/v7e-m+fp/hard\libgcc.a(_udivmoddi4.o)
                                  0x8 (size before relaxing)
                0x08004460                        __exidx_end = .
                0x08004460                        . = ALIGN (0x4)

.preinit_array  0x08004460        0x0
                0x08004460                        . = ALIGN (0x4)
                0x08004460                        PROVIDE (__preinit_array_start = .)
 *(.preinit_array*)
                0x08004460                        PROVIDE (__preinit_array_end = .)
                0x08004460                        . = ALIGN (0x4)

.init_array     0x08004460        0x4
                0x08004460                        . = ALIGN (0x4)
                0x08004460                        PROVIDE (__init_array_start = .)
 *(SORT_BY_NAME(.init_array.*))
 *(.init_array*)
 .init_array    0x08004460        0x4 D:/Msys2/mingw64/bin/../lib/gcc/arm-none-eabi/13.3.0/thumb/v7e-m+fp/hard/crtbegin.o
                0x08004464                        PROVIDE (__init_array_end = .)
                0x08004464                        . = ALIGN (0x4)

.fini_array     0x08004464        0x4
                0x08004464                        . = ALIGN (0x4)
                0x08004464                        PROVIDE (__fini_array_start = .)
 *(SORT_BY_NAME(.fini_array.*))
 *(.fini_array*)
 .fini_array    0x08004464        0x4 D:/Msys2/mingw64/bin/../lib/gcc/arm-none-eabi/13.3.0/thumb/v7e-m+fp/hard/crtbegin.o
                0x08004468                        PROVIDE (__fini_array_end = .)
                0x08004468                        . = ALIGN (0x4)
                0x08004468                        _siccmram = LOADADDR (.ccmram)

.rel.dyn        0x08004468        0x0
 .rel.iplt      0x08004468        0x0 D:/Msys2/mingw64/bin/../lib/gcc/arm-none-eabi/13.3.0/thumb/v7e-m+fp/hard/crtbegin.o

.ccmram         0x10000000        0x0 load address 0x08004468
                0x10000000                        . = ALIGN (0x4)
                0x10000000                        _sccmram = .
 *(.ccmram)
 *(.ccmram*)
                0x10000000                        . = ALIGN (0x4)
                0x10000000                        _eccmram = .
                0x08004468                        _sidata = LOADADDR (.data)

.data           0x20000000       0x10 load address 0x08004468
                0x20000000                        . = ALIGN (0x4)
                0x20000000                        _sdata = .
 *(.data)
 *(.data*)
 .data.SystemCoreClock
                0x20000000        0x4 cmake/stm32cubemx/CMakeFiles/STM32_Drivers.dir/__/__/Core/Src/system_stm32f4xx.c.obj
                0x20000000                SystemCoreClock
 .data.uwTickPrio
                0x20000004        0x4 cmake/stm32cubemx/CMakeFiles/STM32_Drivers.dir/__/__/Drivers/STM32F4xx_HAL_Driver/Src/stm32f4xx_hal.c.obj
                0x20000004                uwTickPrio
 .data.uwTickFreq
                0x20000008        0x1 cmake/stm32cubemx/CMakeFiles/STM32_Drivers.dir/__/__/Drivers/STM32F4xx_HAL_Driver/Src/stm32f4xx_hal.c.obj
                0x20000008                uwTickFreq
 *fill*         0x20000009        0x3 
 .data.uxCriticalNesting
                0x2000000c        0x4 cmake/stm32cubemx/CMakeFiles/FreeRTOS.dir/__/__/Middlewares/Third_Party/FreeRTOS/Source/portable/GCC/ARM_CM4F/port.c.obj
 *(.RamFunc)
 *(.RamFunc*)
                0x20000010                        . = ALIGN (0x4)

.igot.plt       0x20000010        0x0 load address 0x08004478
 .igot.plt      0x20000010        0x0 D:/Msys2/mingw64/bin/../lib/gcc/arm-none-eabi/13.3.0/thumb/v7e-m+fp/hard/crtbegin.o

.tdata          0x20000010        0x0 load address 0x08004478
 *(.tdata .tdata.* .gnu.linkonce.td.*)
                0x20000010                        . = ALIGN (0x4)
                0x20000010                        _edata = .
                [!provide]                        PROVIDE (__data_end = .)
                [!provide]                        PROVIDE (__tdata_end = .)
                [!provide]                        PROVIDE (__tdata_start = ADDR (.tdata))
                [!provide]                        PROVIDE (__tdata_size = (__tdata_end - __tdata_start))
                [!provide]                        PROVIDE (__data_start = ADDR (.data))
                [!provide]                        PROVIDE (__data_size = (__data_end - __data_start))
                [!provide]                        PROVIDE (__tdata_source = LOADADDR (.tdata))
                [!provide]                        PROVIDE (__tdata_source_end = (LOADADDR (.tdata) + SIZEOF (.tdata)))
                [!provide]                        PROVIDE (__tdata_source_size = (__tdata_source_end - __tdata_source))
                [!provide]                        PROVIDE (__data_source = LOADADDR (.data))
                [!provide]                        PROVIDE (__data_source_end = __tdata_source_end)
                [!provide]                        PROVIDE (__data_source_size = (__data_source_end - __data_source))

.tbss           0x20000010        0x0 load address 0x08004478
                0x20000010                        _sbss = .
                0x20000010                        __bss_start__ = _sbss
 *(.tbss .tbss.*)
                0x20000010                        . = ALIGN (0x4)
                [!provide]                        PROVIDE (__tbss_end = .)
                [!provide]                        PROVIDE (__tbss_start = ADDR (.tbss))
                [!provide]                        PROVIDE (__tbss_size = (__tbss_end - __tbss_start))
                [!provide]                        PROVIDE (__tbss_offset = (ADDR (.tbss) - ADDR (.tdata)))
                [!provide]                        PROVIDE (__tls_base = __tdata_start)
                [!provide]                        PROVIDE (__tls_end = __tbss_end)
                [!provide]                        PROVIDE (__tls_size = (__tls_end - __tls_base))
                [!provide]                        PROVIDE (__tls_align = MAX (ALIGNOF (.tdata), ALIGNOF (.tbss)))
                [!provide]                        PROVIDE (__tls_size_align = (((__tls_size + __tls_align) - 0x1) & ~ ((__tls_align - 0x1))))
                [!provide]                        PROVIDE (__arm32_tls_tcb_offset = MAX (0x8, __tls_align))
                [!provide]                        PROVIDE (__arm64_tls_tcb_offset = MAX (0x10, __tls_align))

.bss            0x20000010     0x4978 load address 0x08004478
 *(.bss)
 *(.bss*)
 .bss.completed.1
                0x20000010        0x1 D:/Msys2/mingw64/bin/../lib/gcc/arm-none-eabi/13.3.0/thumb/v7e-m+fp/hard/crtbegin.o
 *fill*         0x20000011        0x3 
 .bss.object.0  0x20000014       0x18 D:/Msys2/mingw64/bin/../lib/gcc/arm-none-eabi/13.3.0/thumb/v7e-m+fp/hard/crtbegin.o
 .bss.uwTick    0x2000002c        0x4 cmake/stm32cubemx/CMakeFiles/STM32_Drivers.dir/__/__/Drivers/STM32F4xx_HAL_Driver/Src/stm32f4xx_hal.c.obj
                0x2000002c                uwTick
 .bss.xQueueRegistry
                0x20000030       0x40 cmake/stm32cubemx/CMakeFiles/FreeRTOS.dir/__/__/Middlewares/Third_Party/FreeRTOS/Source/queue.c.obj
                0x20000030                xQueueRegistry
 .bss.pxCurrentTCB
                0x20000070        0x4 cmake/stm32cubemx/CMakeFiles/FreeRTOS.dir/__/__/Middlewares/Third_Party/FreeRTOS/Source/tasks.c.obj
                0x20000070                pxCurrentTCB
 .bss.pxReadyTasksLists
                0x20000074      0x460 cmake/stm32cubemx/CMakeFiles/FreeRTOS.dir/__/__/Middlewares/Third_Party/FreeRTOS/Source/tasks.c.obj
 .bss.xDelayedTaskList1
                0x200004d4       0x14 cmake/stm32cubemx/CMakeFiles/FreeRTOS.dir/__/__/Middlewares/Third_Party/FreeRTOS/Source/tasks.c.obj
 .bss.xDelayedTaskList2
                0x200004e8       0x14 cmake/stm32cubemx/CMakeFiles/FreeRTOS.dir/__/__/Middlewares/Third_Party/FreeRTOS/Source/tasks.c.obj
 .bss.pxDelayedTaskList
                0x200004fc        0x4 cmake/stm32cubemx/CMakeFiles/FreeRTOS.dir/__/__/Middlewares/Third_Party/FreeRTOS/Source/tasks.c.obj
 .bss.pxOverflowDelayedTaskList
                0x20000500        0x4 cmake/stm32cubemx/CMakeFiles/FreeRTOS.dir/__/__/Middlewares/Third_Party/FreeRTOS/Source/tasks.c.obj
 .bss.xPendingReadyList
                0x20000504       0x14 cmake/stm32cubemx/CMakeFiles/FreeRTOS.dir/__/__/Middlewares/Third_Party/FreeRTOS/Source/tasks.c.obj
 .bss.xTasksWaitingTermination
                0x20000518       0x14 cmake/stm32cubemx/CMakeFiles/FreeRTOS.dir/__/__/Middlewares/Third_Party/FreeRTOS/Source/tasks.c.obj
 .bss.uxDeletedTasksWaitingCleanUp
                0x2000052c        0x4 cmake/stm32cubemx/CMakeFiles/FreeRTOS.dir/__/__/Middlewares/Third_Party/FreeRTOS/Source/tasks.c.obj
 .bss.xSuspendedTaskList
                0x20000530       0x14 cmake/stm32cubemx/CMakeFiles/FreeRTOS.dir/__/__/Middlewares/Third_Party/FreeRTOS/Source/tasks.c.obj
 .bss.uxCurrentNumberOfTasks
                0x20000544        0x4 cmake/stm32cubemx/CMakeFiles/FreeRTOS.dir/__/__/Middlewares/Third_Party/FreeRTOS/Source/tasks.c.obj
 .bss.xTickCount
                0x20000548        0x4 cmake/stm32cubemx/CMakeFiles/FreeRTOS.dir/__/__/Middlewares/Third_Party/FreeRTOS/Source/tasks.c.obj
 .bss.uxTopReadyPriority
                0x2000054c        0x4 cmake/stm32cubemx/CMakeFiles/FreeRTOS.dir/__/__/Middlewares/Third_Party/FreeRTOS/Source/tasks.c.obj
 .bss.xSchedulerRunning
                0x20000550        0x4 cmake/stm32cubemx/CMakeFiles/FreeRTOS.dir/__/__/Middlewares/Third_Party/FreeRTOS/Source/tasks.c.obj
 .bss.xPendedTicks
                0x20000554        0x4 cmake/stm32cubemx/CMakeFiles/FreeRTOS.dir/__/__/Middlewares/Third_Party/FreeRTOS/Source/tasks.c.obj
 .bss.xYieldPending
                0x20000558        0x4 cmake/stm32cubemx/CMakeFiles/FreeRTOS.dir/__/__/Middlewares/Third_Party/FreeRTOS/Source/tasks.c.obj
 .bss.xNumOfOverflows
                0x2000055c        0x4 cmake/stm32cubemx/CMakeFiles/FreeRTOS.dir/__/__/Middlewares/Third_Party/FreeRTOS/Source/tasks.c.obj
 .bss.uxTaskNumber
                0x20000560        0x4 cmake/stm32cubemx/CMakeFiles/FreeRTOS.dir/__/__/Middlewares/Third_Party/FreeRTOS/Source/tasks.c.obj
 .bss.xNextTaskUnblockTime
                0x20000564        0x4 cmake/stm32cubemx/CMakeFiles/FreeRTOS.dir/__/__/Middlewares/Third_Party/FreeRTOS/Source/tasks.c.obj
 .bss.xIdleTaskHandle
                0x20000568        0x4 cmake/stm32cubemx/CMakeFiles/FreeRTOS.dir/__/__/Middlewares/Third_Party/FreeRTOS/Source/tasks.c.obj
 .bss.uxSchedulerSuspended
                0x2000056c        0x4 cmake/stm32cubemx/CMakeFiles/FreeRTOS.dir/__/__/Middlewares/Third_Party/FreeRTOS/Source/tasks.c.obj
 .bss.xActiveTimerList1
                0x20000570       0x14 cmake/stm32cubemx/CMakeFiles/FreeRTOS.dir/__/__/Middlewares/Third_Party/FreeRTOS/Source/timers.c.obj
 .bss.xActiveTimerList2
                0x20000584       0x14 cmake/stm32cubemx/CMakeFiles/FreeRTOS.dir/__/__/Middlewares/Third_Party/FreeRTOS/Source/timers.c.obj
 .bss.pxCurrentTimerList
                0x20000598        0x4 cmake/stm32cubemx/CMakeFiles/FreeRTOS.dir/__/__/Middlewares/Third_Party/FreeRTOS/Source/timers.c.obj
 .bss.pxOverflowTimerList
                0x2000059c        0x4 cmake/stm32cubemx/CMakeFiles/FreeRTOS.dir/__/__/Middlewares/Third_Party/FreeRTOS/Source/timers.c.obj
 .bss.xTimerQueue
                0x200005a0        0x4 cmake/stm32cubemx/CMakeFiles/FreeRTOS.dir/__/__/Middlewares/Third_Party/FreeRTOS/Source/timers.c.obj
 .bss.xTimerTaskHandle
                0x200005a4        0x4 cmake/stm32cubemx/CMakeFiles/FreeRTOS.dir/__/__/Middlewares/Third_Party/FreeRTOS/Source/timers.c.obj
 .bss.xLastTime.2
                0x200005a8        0x4 cmake/stm32cubemx/CMakeFiles/FreeRTOS.dir/__/__/Middlewares/Third_Party/FreeRTOS/Source/timers.c.obj
 .bss.ucStaticTimerQueueStorage.1
                0x200005ac       0xa0 cmake/stm32cubemx/CMakeFiles/FreeRTOS.dir/__/__/Middlewares/Third_Party/FreeRTOS/Source/timers.c.obj
 .bss.xStaticTimerQueue.0
                0x2000064c       0x50 cmake/stm32cubemx/CMakeFiles/FreeRTOS.dir/__/__/Middlewares/Third_Party/FreeRTOS/Source/timers.c.obj
 .bss.KernelState
                0x2000069c        0x4 cmake/stm32cubemx/CMakeFiles/FreeRTOS.dir/__/__/Middlewares/Third_Party/FreeRTOS/Source/CMSIS_RTOS_V2/cmsis_os2.c.obj
 .bss.Idle_TCB.3
                0x200006a0       0x5c cmake/stm32cubemx/CMakeFiles/FreeRTOS.dir/__/__/Middlewares/Third_Party/FreeRTOS/Source/CMSIS_RTOS_V2/cmsis_os2.c.obj
 .bss.Idle_Stack.2
                0x200006fc      0x200 cmake/stm32cubemx/CMakeFiles/FreeRTOS.dir/__/__/Middlewares/Third_Party/FreeRTOS/Source/CMSIS_RTOS_V2/cmsis_os2.c.obj
 .bss.Timer_TCB.1
                0x200008fc       0x5c cmake/stm32cubemx/CMakeFiles/FreeRTOS.dir/__/__/Middlewares/Third_Party/FreeRTOS/Source/CMSIS_RTOS_V2/cmsis_os2.c.obj
 .bss.Timer_Stack.0
                0x20000958      0x400 cmake/stm32cubemx/CMakeFiles/FreeRTOS.dir/__/__/Middlewares/Third_Party/FreeRTOS/Source/CMSIS_RTOS_V2/cmsis_os2.c.obj
 .bss.ucHeap    0x20000d58     0x3c00 cmake/stm32cubemx/CMakeFiles/FreeRTOS.dir/__/__/Middlewares/Third_Party/FreeRTOS/Source/portable/MemMang/heap_4.c.obj
 .bss.xStart    0x20004958        0x8 cmake/stm32cubemx/CMakeFiles/FreeRTOS.dir/__/__/Middlewares/Third_Party/FreeRTOS/Source/portable/MemMang/heap_4.c.obj
 .bss.pxEnd     0x20004960        0x4 cmake/stm32cubemx/CMakeFiles/FreeRTOS.dir/__/__/Middlewares/Third_Party/FreeRTOS/Source/portable/MemMang/heap_4.c.obj
 .bss.xFreeBytesRemaining
                0x20004964        0x4 cmake/stm32cubemx/CMakeFiles/FreeRTOS.dir/__/__/Middlewares/Third_Party/FreeRTOS/Source/portable/MemMang/heap_4.c.obj
 .bss.xMinimumEverFreeBytesRemaining
                0x20004968        0x4 cmake/stm32cubemx/CMakeFiles/FreeRTOS.dir/__/__/Middlewares/Third_Party/FreeRTOS/Source/portable/MemMang/heap_4.c.obj
 .bss.xNumberOfSuccessfulAllocations
                0x2000496c        0x4 cmake/stm32cubemx/CMakeFiles/FreeRTOS.dir/__/__/Middlewares/Third_Party/FreeRTOS/Source/portable/MemMang/heap_4.c.obj
 .bss.xNumberOfSuccessfulFrees
                0x20004970        0x4 cmake/stm32cubemx/CMakeFiles/FreeRTOS.dir/__/__/Middlewares/Third_Party/FreeRTOS/Source/portable/MemMang/heap_4.c.obj
 .bss.xBlockAllocatedBit
                0x20004974        0x4 cmake/stm32cubemx/CMakeFiles/FreeRTOS.dir/__/__/Middlewares/Third_Party/FreeRTOS/Source/portable/MemMang/heap_4.c.obj
 .bss.ucMaxSysCallPriority
                0x20004978        0x1 cmake/stm32cubemx/CMakeFiles/FreeRTOS.dir/__/__/Middlewares/Third_Party/FreeRTOS/Source/portable/GCC/ARM_CM4F/port.c.obj
 *fill*         0x20004979        0x3 
 .bss.ulMaxPRIGROUPValue
                0x2000497c        0x4 cmake/stm32cubemx/CMakeFiles/FreeRTOS.dir/__/__/Middlewares/Third_Party/FreeRTOS/Source/portable/GCC/ARM_CM4F/port.c.obj
 .bss.defaultTaskHandle
                0x20004980        0x4 CMakeFiles/task_manager_led.dir/Core/Src/freertos.c.obj
                0x20004980                defaultTaskHandle
 .bss.ledTaskHandle
                0x20004984        0x4 CMakeFiles/task_manager_led.dir/Core/Src/freertos.c.obj
                0x20004984                ledTaskHandle
 *(COMMON)
                0x20004988                        . = ALIGN (0x4)
                0x20004988                        _ebss = .
                0x20004988                        __bss_end__ = _ebss
                [!provide]                        PROVIDE (__bss_end = .)
                [!provide]                        PROVIDE (__non_tls_bss_start = ADDR (.bss))
                [!provide]                        PROVIDE (__bss_start = __tbss_start)
                [!provide]                        PROVIDE (__bss_size = (__bss_end - __bss_start))

._user_heap_stack
                0x20004988      0x600 load address 0x08004478
                0x20004988                        . = ALIGN (0x8)
                [!provide]                        PROVIDE (end = .)
                0x20004988                        PROVIDE (_end = .)
                0x20004b88                        . = (. + _Min_Heap_Size)
 *fill*         0x20004988      0x200 
                0x20004f88                        . = (. + _Min_Stack_Size)
 *fill*         0x20004b88      0x400 
                0x20004f88                        . = ALIGN (0x8)

/DISCARD/
 libc.a:*(*)
 libm.a:*(*)
 libgcc.a:*(*)
OUTPUT(task_manager_led.elf elf32-littlearm)
LOAD linker stubs

.ARM.attributes
                0x00000000       0x30
 .ARM.attributes
                0x00000000       0x22 D:/Msys2/mingw64/bin/../lib/gcc/arm-none-eabi/13.3.0/thumb/v7e-m+fp/hard/crti.o
 .ARM.attributes
                0x00000022       0x34 D:/Msys2/mingw64/bin/../lib/gcc/arm-none-eabi/13.3.0/thumb/v7e-m+fp/hard/crtbegin.o
 .ARM.attributes
                0x00000056       0x34 cmake/stm32cubemx/CMakeFiles/STM32_Drivers.dir/__/__/Core/Src/system_stm32f4xx.c.obj
 .ARM.attributes
                0x0000008a       0x34 cmake/stm32cubemx/CMakeFiles/STM32_Drivers.dir/__/__/Drivers/STM32F4xx_HAL_Driver/Src/stm32f4xx_hal_rcc.c.obj
 .ARM.attributes
                0x000000be       0x34 cmake/stm32cubemx/CMakeFiles/STM32_Drivers.dir/__/__/Drivers/STM32F4xx_HAL_Driver/Src/stm32f4xx_hal_gpio.c.obj
 .ARM.attributes
                0x000000f2       0x34 cmake/stm32cubemx/CMakeFiles/STM32_Drivers.dir/__/__/Drivers/STM32F4xx_HAL_Driver/Src/stm32f4xx_hal_cortex.c.obj
 .ARM.attributes
                0x00000126       0x34 cmake/stm32cubemx/CMakeFiles/STM32_Drivers.dir/__/__/Drivers/STM32F4xx_HAL_Driver/Src/stm32f4xx_hal.c.obj
 .ARM.attributes
                0x0000015a       0x34 cmake/stm32cubemx/CMakeFiles/FreeRTOS.dir/__/__/Middlewares/Third_Party/FreeRTOS/Source/list.c.obj
 .ARM.attributes
                0x0000018e       0x34 cmake/stm32cubemx/CMakeFiles/FreeRTOS.dir/__/__/Middlewares/Third_Party/FreeRTOS/Source/queue.c.obj
 .ARM.attributes
                0x000001c2       0x34 cmake/stm32cubemx/CMakeFiles/FreeRTOS.dir/__/__/Middlewares/Third_Party/FreeRTOS/Source/tasks.c.obj
 .ARM.attributes
                0x000001f6       0x34 cmake/stm32cubemx/CMakeFiles/FreeRTOS.dir/__/__/Middlewares/Third_Party/FreeRTOS/Source/timers.c.obj
 .ARM.attributes
                0x0000022a       0x34 cmake/stm32cubemx/CMakeFiles/FreeRTOS.dir/__/__/Middlewares/Third_Party/FreeRTOS/Source/CMSIS_RTOS_V2/cmsis_os2.c.obj
 .ARM.attributes
                0x0000025e       0x34 cmake/stm32cubemx/CMakeFiles/FreeRTOS.dir/__/__/Middlewares/Third_Party/FreeRTOS/Source/portable/MemMang/heap_4.c.obj
 .ARM.attributes
                0x00000292       0x34 cmake/stm32cubemx/CMakeFiles/FreeRTOS.dir/__/__/Middlewares/Third_Party/FreeRTOS/Source/portable/GCC/ARM_CM4F/port.c.obj
 .ARM.attributes
                0x000002c6       0x34 CMakeFiles/task_manager_led.dir/Core/Src/main.c.obj
 .ARM.attributes
                0x000002fa       0x34 CMakeFiles/task_manager_led.dir/Core/Src/gpio.c.obj
 .ARM.attributes
                0x0000032e       0x34 CMakeFiles/task_manager_led.dir/Core/Src/freertos.c.obj
 .ARM.attributes
                0x00000362       0x34 CMakeFiles/task_manager_led.dir/Core/Src/stm32f4xx_it.c.obj
 .ARM.attributes
                0x00000396       0x34 CMakeFiles/task_manager_led.dir/Core/Src/stm32f4xx_hal_msp.c.obj
 .ARM.attributes
                0x000003ca       0x21 CMakeFiles/task_manager_led.dir/startup_stm32f407xx.s.obj
 .ARM.attributes
                0x000003eb       0x22 D:/Msys2/mingw64/bin/../lib/gcc/arm-none-eabi/13.3.0/thumb/v7e-m+fp/hard\libgcc.a(_aeabi_uldivmod.o)
 .ARM.attributes
                0x0000040d       0x34 D:/Msys2/mingw64/bin/../lib/gcc/arm-none-eabi/13.3.0/thumb/v7e-m+fp/hard\libgcc.a(_udivmoddi4.o)
 .ARM.attributes
                0x00000441       0x22 D:/Msys2/mingw64/bin/../lib/gcc/arm-none-eabi/13.3.0/thumb/v7e-m+fp/hard\libgcc.a(_dvmd_tls.o)
 .ARM.attributes
                0x00000463       0x34 D:/Msys2/mingw64/bin/../lib/gcc/arm-none-eabi/13.3.0/../../../../arm-none-eabi/lib/thumb/v7e-m+fp/hard\libg_nano.a(libc_a-memset.o)
 .ARM.attributes
                0x00000497       0x34 D:/Msys2/mingw64/bin/../lib/gcc/arm-none-eabi/13.3.0/../../../../arm-none-eabi/lib/thumb/v7e-m+fp/hard\libg_nano.a(libc_a-init.o)
 .ARM.attributes
                0x000004cb       0x20 D:/Msys2/mingw64/bin/../lib/gcc/arm-none-eabi/13.3.0/../../../../arm-none-eabi/lib/thumb/v7e-m+fp/hard\libg_nano.a(libc_a-memcpy.o)
 .ARM.attributes
                0x000004eb       0x22 D:/Msys2/mingw64/bin/../lib/gcc/arm-none-eabi/13.3.0/thumb/v7e-m+fp/hard/crtn.o

.comment        0x00000000       0x24
 .comment       0x00000000       0x24 cmake/stm32cubemx/CMakeFiles/STM32_Drivers.dir/__/__/Core/Src/system_stm32f4xx.c.obj
                                 0x13 (size before relaxing)
 .comment       0x00000024       0x13 cmake/stm32cubemx/CMakeFiles/STM32_Drivers.dir/__/__/Drivers/STM32F4xx_HAL_Driver/Src/stm32f4xx_hal_rcc.c.obj
 .comment       0x00000024       0x13 cmake/stm32cubemx/CMakeFiles/STM32_Drivers.dir/__/__/Drivers/STM32F4xx_HAL_Driver/Src/stm32f4xx_hal_gpio.c.obj
 .comment       0x00000024       0x13 cmake/stm32cubemx/CMakeFiles/STM32_Drivers.dir/__/__/Drivers/STM32F4xx_HAL_Driver/Src/stm32f4xx_hal_cortex.c.obj
 .comment       0x00000024       0x13 cmake/stm32cubemx/CMakeFiles/STM32_Drivers.dir/__/__/Drivers/STM32F4xx_HAL_Driver/Src/stm32f4xx_hal.c.obj
 .comment       0x00000024       0x13 cmake/stm32cubemx/CMakeFiles/FreeRTOS.dir/__/__/Middlewares/Third_Party/FreeRTOS/Source/list.c.obj
 .comment       0x00000024       0x13 cmake/stm32cubemx/CMakeFiles/FreeRTOS.dir/__/__/Middlewares/Third_Party/FreeRTOS/Source/queue.c.obj
 .comment       0x00000024       0x13 cmake/stm32cubemx/CMakeFiles/FreeRTOS.dir/__/__/Middlewares/Third_Party/FreeRTOS/Source/tasks.c.obj
 .comment       0x00000024       0x13 cmake/stm32cubemx/CMakeFiles/FreeRTOS.dir/__/__/Middlewares/Third_Party/FreeRTOS/Source/timers.c.obj
 .comment       0x00000024       0x13 cmake/stm32cubemx/CMakeFiles/FreeRTOS.dir/__/__/Middlewares/Third_Party/FreeRTOS/Source/CMSIS_RTOS_V2/cmsis_os2.c.obj
 .comment       0x00000024       0x13 cmake/stm32cubemx/CMakeFiles/FreeRTOS.dir/__/__/Middlewares/Third_Party/FreeRTOS/Source/portable/MemMang/heap_4.c.obj
 .comment       0x00000024       0x13 cmake/stm32cubemx/CMakeFiles/FreeRTOS.dir/__/__/Middlewares/Third_Party/FreeRTOS/Source/portable/GCC/ARM_CM4F/port.c.obj
 .comment       0x00000024       0x13 CMakeFiles/task_manager_led.dir/Core/Src/main.c.obj
 .comment       0x00000024       0x13 CMakeFiles/task_manager_led.dir/Core/Src/gpio.c.obj
 .comment       0x00000024       0x13 CMakeFiles/task_manager_led.dir/Core/Src/freertos.c.obj
 .comment       0x00000024       0x13 CMakeFiles/task_manager_led.dir/Core/Src/stm32f4xx_it.c.obj
 .comment       0x00000024       0x13 CMakeFiles/task_manager_led.dir/Core/Src/stm32f4xx_hal_msp.c.obj
 .comment       0x00000024       0x13 D:/Msys2/mingw64/bin/../lib/gcc/arm-none-eabi/13.3.0/thumb/v7e-m+fp/hard\libgcc.a(_udivmoddi4.o)
 .comment       0x00000024       0x13 D:/Msys2/mingw64/bin/../lib/gcc/arm-none-eabi/13.3.0/../../../../arm-none-eabi/lib/thumb/v7e-m+fp/hard\libg_nano.a(libc_a-memset.o)
 .comment       0x00000024       0x13 D:/Msys2/mingw64/bin/../lib/gcc/arm-none-eabi/13.3.0/../../../../arm-none-eabi/lib/thumb/v7e-m+fp/hard\libg_nano.a(libc_a-init.o)

.debug_info     0x00000000     0xe179
 .debug_info    0x00000000      0x512 cmake/stm32cubemx/CMakeFiles/STM32_Drivers.dir/__/__/Core/Src/system_stm32f4xx.c.obj
 .debug_info    0x00000512      0x8c3 cmake/stm32cubemx/CMakeFiles/STM32_Drivers.dir/__/__/Drivers/STM32F4xx_HAL_Driver/Src/stm32f4xx_hal_rcc.c.obj
 .debug_info    0x00000dd5      0x6c3 cmake/stm32cubemx/CMakeFiles/STM32_Drivers.dir/__/__/Drivers/STM32F4xx_HAL_Driver/Src/stm32f4xx_hal_gpio.c.obj
 .debug_info    0x00001498      0xd8c cmake/stm32cubemx/CMakeFiles/STM32_Drivers.dir/__/__/Drivers/STM32F4xx_HAL_Driver/Src/stm32f4xx_hal_cortex.c.obj
 .debug_info    0x00002224      0x944 cmake/stm32cubemx/CMakeFiles/STM32_Drivers.dir/__/__/Drivers/STM32F4xx_HAL_Driver/Src/stm32f4xx_hal.c.obj
 .debug_info    0x00002b68      0x2af cmake/stm32cubemx/CMakeFiles/FreeRTOS.dir/__/__/Middlewares/Third_Party/FreeRTOS/Source/list.c.obj
 .debug_info    0x00002e17     0x1b79 cmake/stm32cubemx/CMakeFiles/FreeRTOS.dir/__/__/Middlewares/Third_Party/FreeRTOS/Source/queue.c.obj
 .debug_info    0x00004990     0x21ec cmake/stm32cubemx/CMakeFiles/FreeRTOS.dir/__/__/Middlewares/Third_Party/FreeRTOS/Source/tasks.c.obj
 .debug_info    0x00006b7c     0x1488 cmake/stm32cubemx/CMakeFiles/FreeRTOS.dir/__/__/Middlewares/Third_Party/FreeRTOS/Source/timers.c.obj
 .debug_info    0x00008004     0x3a52 cmake/stm32cubemx/CMakeFiles/FreeRTOS.dir/__/__/Middlewares/Third_Party/FreeRTOS/Source/CMSIS_RTOS_V2/cmsis_os2.c.obj
 .debug_info    0x0000ba56      0x4d5 cmake/stm32cubemx/CMakeFiles/FreeRTOS.dir/__/__/Middlewares/Third_Party/FreeRTOS/Source/portable/MemMang/heap_4.c.obj
 .debug_info    0x0000bf2b      0x4de cmake/stm32cubemx/CMakeFiles/FreeRTOS.dir/__/__/Middlewares/Third_Party/FreeRTOS/Source/portable/GCC/ARM_CM4F/port.c.obj
 .debug_info    0x0000c409      0x527 CMakeFiles/task_manager_led.dir/Core/Src/main.c.obj
 .debug_info    0x0000c930      0x3d1 CMakeFiles/task_manager_led.dir/Core/Src/gpio.c.obj
 .debug_info    0x0000cd01      0x4a1 CMakeFiles/task_manager_led.dir/Core/Src/freertos.c.obj
 .debug_info    0x0000d1a2      0x11a CMakeFiles/task_manager_led.dir/Core/Src/stm32f4xx_it.c.obj
 .debug_info    0x0000d2bc      0x4b7 CMakeFiles/task_manager_led.dir/Core/Src/stm32f4xx_hal_msp.c.obj
 .debug_info    0x0000d773       0x30 CMakeFiles/task_manager_led.dir/startup_stm32f407xx.s.obj
 .debug_info    0x0000d7a3       0x24 D:/Msys2/mingw64/bin/../lib/gcc/arm-none-eabi/13.3.0/thumb/v7e-m+fp/hard\libgcc.a(_aeabi_uldivmod.o)
 .debug_info    0x0000d7c7      0x703 D:/Msys2/mingw64/bin/../lib/gcc/arm-none-eabi/13.3.0/thumb/v7e-m+fp/hard\libgcc.a(_udivmoddi4.o)
 .debug_info    0x0000deca       0x3c D:/Msys2/mingw64/bin/../lib/gcc/arm-none-eabi/13.3.0/thumb/v7e-m+fp/hard\libgcc.a(_dvmd_tls.o)
 .debug_info    0x0000df06      0x135 D:/Msys2/mingw64/bin/../lib/gcc/arm-none-eabi/13.3.0/../../../../arm-none-eabi/lib/thumb/v7e-m+fp/hard\libg_nano.a(libc_a-memset.o)
 .debug_info    0x0000e03b      0x10b D:/Msys2/mingw64/bin/../lib/gcc/arm-none-eabi/13.3.0/../../../../arm-none-eabi/lib/thumb/v7e-m+fp/hard\libg_nano.a(libc_a-init.o)
 .debug_info    0x0000e146       0x33 D:/Msys2/mingw64/bin/../lib/gcc/arm-none-eabi/13.3.0/../../../../arm-none-eabi/lib/thumb/v7e-m+fp/hard\libg_nano.a(libc_a-memcpy.o)

.debug_abbrev   0x00000000     0x29f4
 .debug_abbrev  0x00000000      0x11a cmake/stm32cubemx/CMakeFiles/STM32_Drivers.dir/__/__/Core/Src/system_stm32f4xx.c.obj
 .debug_abbrev  0x0000011a      0x2b7 cmake/stm32cubemx/CMakeFiles/STM32_Drivers.dir/__/__/Drivers/STM32F4xx_HAL_Driver/Src/stm32f4xx_hal_rcc.c.obj
 .debug_abbrev  0x000003d1      0x1d4 cmake/stm32cubemx/CMakeFiles/STM32_Drivers.dir/__/__/Drivers/STM32F4xx_HAL_Driver/Src/stm32f4xx_hal_gpio.c.obj
 .debug_abbrev  0x000005a5      0x31d cmake/stm32cubemx/CMakeFiles/STM32_Drivers.dir/__/__/Drivers/STM32F4xx_HAL_Driver/Src/stm32f4xx_hal_cortex.c.obj
 .debug_abbrev  0x000008c2      0x214 cmake/stm32cubemx/CMakeFiles/STM32_Drivers.dir/__/__/Drivers/STM32F4xx_HAL_Driver/Src/stm32f4xx_hal.c.obj
 .debug_abbrev  0x00000ad6       0xf5 cmake/stm32cubemx/CMakeFiles/FreeRTOS.dir/__/__/Middlewares/Third_Party/FreeRTOS/Source/list.c.obj
 .debug_abbrev  0x00000bcb      0x3b6 cmake/stm32cubemx/CMakeFiles/FreeRTOS.dir/__/__/Middlewares/Third_Party/FreeRTOS/Source/queue.c.obj
 .debug_abbrev  0x00000f81      0x386 cmake/stm32cubemx/CMakeFiles/FreeRTOS.dir/__/__/Middlewares/Third_Party/FreeRTOS/Source/tasks.c.obj
 .debug_abbrev  0x00001307      0x352 cmake/stm32cubemx/CMakeFiles/FreeRTOS.dir/__/__/Middlewares/Third_Party/FreeRTOS/Source/timers.c.obj
 .debug_abbrev  0x00001659      0x508 cmake/stm32cubemx/CMakeFiles/FreeRTOS.dir/__/__/Middlewares/Third_Party/FreeRTOS/Source/CMSIS_RTOS_V2/cmsis_os2.c.obj
 .debug_abbrev  0x00001b61      0x21d cmake/stm32cubemx/CMakeFiles/FreeRTOS.dir/__/__/Middlewares/Third_Party/FreeRTOS/Source/portable/MemMang/heap_4.c.obj
 .debug_abbrev  0x00001d7e      0x25c cmake/stm32cubemx/CMakeFiles/FreeRTOS.dir/__/__/Middlewares/Third_Party/FreeRTOS/Source/portable/GCC/ARM_CM4F/port.c.obj
 .debug_abbrev  0x00001fda      0x207 CMakeFiles/task_manager_led.dir/Core/Src/main.c.obj
 .debug_abbrev  0x000021e1      0x152 CMakeFiles/task_manager_led.dir/Core/Src/gpio.c.obj
 .debug_abbrev  0x00002333      0x1a1 CMakeFiles/task_manager_led.dir/Core/Src/freertos.c.obj
 .debug_abbrev  0x000024d4       0x97 CMakeFiles/task_manager_led.dir/Core/Src/stm32f4xx_it.c.obj
 .debug_abbrev  0x0000256b      0x119 CMakeFiles/task_manager_led.dir/Core/Src/stm32f4xx_hal_msp.c.obj
 .debug_abbrev  0x00002684       0x24 CMakeFiles/task_manager_led.dir/startup_stm32f407xx.s.obj
 .debug_abbrev  0x000026a8       0x14 D:/Msys2/mingw64/bin/../lib/gcc/arm-none-eabi/13.3.0/thumb/v7e-m+fp/hard\libgcc.a(_aeabi_uldivmod.o)
 .debug_abbrev  0x000026bc      0x16a D:/Msys2/mingw64/bin/../lib/gcc/arm-none-eabi/13.3.0/thumb/v7e-m+fp/hard\libgcc.a(_udivmoddi4.o)
 .debug_abbrev  0x00002826       0x26 D:/Msys2/mingw64/bin/../lib/gcc/arm-none-eabi/13.3.0/thumb/v7e-m+fp/hard\libgcc.a(_dvmd_tls.o)
 .debug_abbrev  0x0000284c       0xb7 D:/Msys2/mingw64/bin/../lib/gcc/arm-none-eabi/13.3.0/../../../../arm-none-eabi/lib/thumb/v7e-m+fp/hard\libg_nano.a(libc_a-memset.o)
 .debug_abbrev  0x00002903       0xc9 D:/Msys2/mingw64/bin/../lib/gcc/arm-none-eabi/13.3.0/../../../../arm-none-eabi/lib/thumb/v7e-m+fp/hard\libg_nano.a(libc_a-init.o)
 .debug_abbrev  0x000029cc       0x28 D:/Msys2/mingw64/bin/../lib/gcc/arm-none-eabi/13.3.0/../../../../arm-none-eabi/lib/thumb/v7e-m+fp/hard\libg_nano.a(libc_a-memcpy.o)

.debug_aranges  0x00000000      0xd10
 .debug_aranges
                0x00000000       0x28 cmake/stm32cubemx/CMakeFiles/STM32_Drivers.dir/__/__/Core/Src/system_stm32f4xx.c.obj
 .debug_aranges
                0x00000028       0x88 cmake/stm32cubemx/CMakeFiles/STM32_Drivers.dir/__/__/Drivers/STM32F4xx_HAL_Driver/Src/stm32f4xx_hal_rcc.c.obj
 .debug_aranges
                0x000000b0       0x58 cmake/stm32cubemx/CMakeFiles/STM32_Drivers.dir/__/__/Drivers/STM32F4xx_HAL_Driver/Src/stm32f4xx_hal_gpio.c.obj
 .debug_aranges
                0x00000108      0x130 cmake/stm32cubemx/CMakeFiles/STM32_Drivers.dir/__/__/Drivers/STM32F4xx_HAL_Driver/Src/stm32f4xx_hal_cortex.c.obj
 .debug_aranges
                0x00000238       0xf0 cmake/stm32cubemx/CMakeFiles/STM32_Drivers.dir/__/__/Drivers/STM32F4xx_HAL_Driver/Src/stm32f4xx_hal.c.obj
 .debug_aranges
                0x00000328       0x40 cmake/stm32cubemx/CMakeFiles/FreeRTOS.dir/__/__/Middlewares/Third_Party/FreeRTOS/Source/list.c.obj
 .debug_aranges
                0x00000368      0x158 cmake/stm32cubemx/CMakeFiles/FreeRTOS.dir/__/__/Middlewares/Third_Party/FreeRTOS/Source/queue.c.obj
 .debug_aranges
                0x000004c0      0x208 cmake/stm32cubemx/CMakeFiles/FreeRTOS.dir/__/__/Middlewares/Third_Party/FreeRTOS/Source/tasks.c.obj
 .debug_aranges
                0x000006c8       0xf0 cmake/stm32cubemx/CMakeFiles/FreeRTOS.dir/__/__/Middlewares/Third_Party/FreeRTOS/Source/timers.c.obj
 .debug_aranges
                0x000007b8      0x2a8 cmake/stm32cubemx/CMakeFiles/FreeRTOS.dir/__/__/Middlewares/Third_Party/FreeRTOS/Source/CMSIS_RTOS_V2/cmsis_os2.c.obj
 .debug_aranges
                0x00000a60       0x58 cmake/stm32cubemx/CMakeFiles/FreeRTOS.dir/__/__/Middlewares/Third_Party/FreeRTOS/Source/portable/MemMang/heap_4.c.obj
 .debug_aranges
                0x00000ab8       0x80 cmake/stm32cubemx/CMakeFiles/FreeRTOS.dir/__/__/Middlewares/Third_Party/FreeRTOS/Source/portable/GCC/ARM_CM4F/port.c.obj
 .debug_aranges
                0x00000b38       0x30 CMakeFiles/task_manager_led.dir/Core/Src/main.c.obj
 .debug_aranges
                0x00000b68       0x20 CMakeFiles/task_manager_led.dir/Core/Src/gpio.c.obj
 .debug_aranges
                0x00000b88       0x30 CMakeFiles/task_manager_led.dir/Core/Src/freertos.c.obj
 .debug_aranges
                0x00000bb8       0x50 CMakeFiles/task_manager_led.dir/Core/Src/stm32f4xx_it.c.obj
 .debug_aranges
                0x00000c08       0x20 CMakeFiles/task_manager_led.dir/Core/Src/stm32f4xx_hal_msp.c.obj
 .debug_aranges
                0x00000c28       0x28 CMakeFiles/task_manager_led.dir/startup_stm32f407xx.s.obj
 .debug_aranges
                0x00000c50       0x20 D:/Msys2/mingw64/bin/../lib/gcc/arm-none-eabi/13.3.0/thumb/v7e-m+fp/hard\libgcc.a(_aeabi_uldivmod.o)
 .debug_aranges
                0x00000c70       0x20 D:/Msys2/mingw64/bin/../lib/gcc/arm-none-eabi/13.3.0/thumb/v7e-m+fp/hard\libgcc.a(_udivmoddi4.o)
 .debug_aranges
                0x00000c90       0x20 D:/Msys2/mingw64/bin/../lib/gcc/arm-none-eabi/13.3.0/thumb/v7e-m+fp/hard\libgcc.a(_dvmd_tls.o)
 .debug_aranges
                0x00000cb0       0x20 D:/Msys2/mingw64/bin/../lib/gcc/arm-none-eabi/13.3.0/../../../../arm-none-eabi/lib/thumb/v7e-m+fp/hard\libg_nano.a(libc_a-memset.o)
 .debug_aranges
                0x00000cd0       0x20 D:/Msys2/mingw64/bin/../lib/gcc/arm-none-eabi/13.3.0/../../../../arm-none-eabi/lib/thumb/v7e-m+fp/hard\libg_nano.a(libc_a-init.o)
 .debug_aranges
                0x00000cf0       0x20 D:/Msys2/mingw64/bin/../lib/gcc/arm-none-eabi/13.3.0/../../../../arm-none-eabi/lib/thumb/v7e-m+fp/hard\libg_nano.a(libc_a-memcpy.o)

.debug_rnglists
                0x00000000      0x9a8
 .debug_rnglists
                0x00000000       0x1a cmake/stm32cubemx/CMakeFiles/STM32_Drivers.dir/__/__/Core/Src/system_stm32f4xx.c.obj
 .debug_rnglists
                0x0000001a       0x66 cmake/stm32cubemx/CMakeFiles/STM32_Drivers.dir/__/__/Drivers/STM32F4xx_HAL_Driver/Src/stm32f4xx_hal_rcc.c.obj
 .debug_rnglists
                0x00000080       0x3f cmake/stm32cubemx/CMakeFiles/STM32_Drivers.dir/__/__/Drivers/STM32F4xx_HAL_Driver/Src/stm32f4xx_hal_gpio.c.obj
 .debug_rnglists
                0x000000bf       0xe0 cmake/stm32cubemx/CMakeFiles/STM32_Drivers.dir/__/__/Drivers/STM32F4xx_HAL_Driver/Src/stm32f4xx_hal_cortex.c.obj
 .debug_rnglists
                0x0000019f       0xaf cmake/stm32cubemx/CMakeFiles/STM32_Drivers.dir/__/__/Drivers/STM32F4xx_HAL_Driver/Src/stm32f4xx_hal.c.obj
 .debug_rnglists
                0x0000024e       0x2b cmake/stm32cubemx/CMakeFiles/FreeRTOS.dir/__/__/Middlewares/Third_Party/FreeRTOS/Source/list.c.obj
 .debug_rnglists
                0x00000279      0x109 cmake/stm32cubemx/CMakeFiles/FreeRTOS.dir/__/__/Middlewares/Third_Party/FreeRTOS/Source/queue.c.obj
 .debug_rnglists
                0x00000382      0x1a0 cmake/stm32cubemx/CMakeFiles/FreeRTOS.dir/__/__/Middlewares/Third_Party/FreeRTOS/Source/tasks.c.obj
 .debug_rnglists
                0x00000522       0xb8 cmake/stm32cubemx/CMakeFiles/FreeRTOS.dir/__/__/Middlewares/Third_Party/FreeRTOS/Source/timers.c.obj
 .debug_rnglists
                0x000005da      0x20c cmake/stm32cubemx/CMakeFiles/FreeRTOS.dir/__/__/Middlewares/Third_Party/FreeRTOS/Source/CMSIS_RTOS_V2/cmsis_os2.c.obj
 .debug_rnglists
                0x000007e6       0x42 cmake/stm32cubemx/CMakeFiles/FreeRTOS.dir/__/__/Middlewares/Third_Party/FreeRTOS/Source/portable/MemMang/heap_4.c.obj
 .debug_rnglists
                0x00000828       0x5d cmake/stm32cubemx/CMakeFiles/FreeRTOS.dir/__/__/Middlewares/Third_Party/FreeRTOS/Source/portable/GCC/ARM_CM4F/port.c.obj
 .debug_rnglists
                0x00000885       0x20 CMakeFiles/task_manager_led.dir/Core/Src/main.c.obj
 .debug_rnglists
                0x000008a5       0x14 CMakeFiles/task_manager_led.dir/Core/Src/gpio.c.obj
 .debug_rnglists
                0x000008b9       0x1f CMakeFiles/task_manager_led.dir/Core/Src/freertos.c.obj
 .debug_rnglists
                0x000008d8       0x37 CMakeFiles/task_manager_led.dir/Core/Src/stm32f4xx_it.c.obj
 .debug_rnglists
                0x0000090f       0x13 CMakeFiles/task_manager_led.dir/Core/Src/stm32f4xx_hal_msp.c.obj
 .debug_rnglists
                0x00000922       0x19 CMakeFiles/task_manager_led.dir/startup_stm32f407xx.s.obj
 .debug_rnglists
                0x0000093b       0x6d D:/Msys2/mingw64/bin/../lib/gcc/arm-none-eabi/13.3.0/thumb/v7e-m+fp/hard\libgcc.a(_udivmoddi4.o)

.debug_macro    0x00000000    0x2097a
 .debug_macro   0x00000000      0x1b0 cmake/stm32cubemx/CMakeFiles/STM32_Drivers.dir/__/__/Core/Src/system_stm32f4xx.c.obj
 .debug_macro   0x000001b0      0xad8 cmake/stm32cubemx/CMakeFiles/STM32_Drivers.dir/__/__/Core/Src/system_stm32f4xx.c.obj
 .debug_macro   0x00000c88       0x2e cmake/stm32cubemx/CMakeFiles/STM32_Drivers.dir/__/__/Core/Src/system_stm32f4xx.c.obj
 .debug_macro   0x00000cb6       0x2f cmake/stm32cubemx/CMakeFiles/STM32_Drivers.dir/__/__/Core/Src/system_stm32f4xx.c.obj
 .debug_macro   0x00000ce5       0x22 cmake/stm32cubemx/CMakeFiles/STM32_Drivers.dir/__/__/Core/Src/system_stm32f4xx.c.obj
 .debug_macro   0x00000d07       0x8e cmake/stm32cubemx/CMakeFiles/STM32_Drivers.dir/__/__/Core/Src/system_stm32f4xx.c.obj
 .debug_macro   0x00000d95       0x51 cmake/stm32cubemx/CMakeFiles/STM32_Drivers.dir/__/__/Core/Src/system_stm32f4xx.c.obj
 .debug_macro   0x00000de6      0x103 cmake/stm32cubemx/CMakeFiles/STM32_Drivers.dir/__/__/Core/Src/system_stm32f4xx.c.obj
 .debug_macro   0x00000ee9       0x6a cmake/stm32cubemx/CMakeFiles/STM32_Drivers.dir/__/__/Core/Src/system_stm32f4xx.c.obj
 .debug_macro   0x00000f53      0x1df cmake/stm32cubemx/CMakeFiles/STM32_Drivers.dir/__/__/Core/Src/system_stm32f4xx.c.obj
 .debug_macro   0x00001132       0x1c cmake/stm32cubemx/CMakeFiles/STM32_Drivers.dir/__/__/Core/Src/system_stm32f4xx.c.obj
 .debug_macro   0x0000114e       0x22 cmake/stm32cubemx/CMakeFiles/STM32_Drivers.dir/__/__/Core/Src/system_stm32f4xx.c.obj
 .debug_macro   0x00001170       0xfb cmake/stm32cubemx/CMakeFiles/STM32_Drivers.dir/__/__/Core/Src/system_stm32f4xx.c.obj
 .debug_macro   0x0000126b     0x1011 cmake/stm32cubemx/CMakeFiles/STM32_Drivers.dir/__/__/Core/Src/system_stm32f4xx.c.obj
 .debug_macro   0x0000227c      0x11f cmake/stm32cubemx/CMakeFiles/STM32_Drivers.dir/__/__/Core/Src/system_stm32f4xx.c.obj
 .debug_macro   0x0000239b    0x15ea5 cmake/stm32cubemx/CMakeFiles/STM32_Drivers.dir/__/__/Core/Src/system_stm32f4xx.c.obj
 .debug_macro   0x00018240       0x6d cmake/stm32cubemx/CMakeFiles/STM32_Drivers.dir/__/__/Core/Src/system_stm32f4xx.c.obj
 .debug_macro   0x000182ad      0x28f cmake/stm32cubemx/CMakeFiles/STM32_Drivers.dir/__/__/Core/Src/system_stm32f4xx.c.obj
 .debug_macro   0x0001853c     0x3693 cmake/stm32cubemx/CMakeFiles/STM32_Drivers.dir/__/__/Core/Src/system_stm32f4xx.c.obj
 .debug_macro   0x0001bbcf      0x190 cmake/stm32cubemx/CMakeFiles/STM32_Drivers.dir/__/__/Core/Src/system_stm32f4xx.c.obj
 .debug_macro   0x0001bd5f       0x5c cmake/stm32cubemx/CMakeFiles/STM32_Drivers.dir/__/__/Core/Src/system_stm32f4xx.c.obj
 .debug_macro   0x0001bdbb      0x980 cmake/stm32cubemx/CMakeFiles/STM32_Drivers.dir/__/__/Core/Src/system_stm32f4xx.c.obj
 .debug_macro   0x0001c73b      0x9e9 cmake/stm32cubemx/CMakeFiles/STM32_Drivers.dir/__/__/Core/Src/system_stm32f4xx.c.obj
 .debug_macro   0x0001d124      0x115 cmake/stm32cubemx/CMakeFiles/STM32_Drivers.dir/__/__/Core/Src/system_stm32f4xx.c.obj
 .debug_macro   0x0001d239      0x13e cmake/stm32cubemx/CMakeFiles/STM32_Drivers.dir/__/__/Core/Src/system_stm32f4xx.c.obj
 .debug_macro   0x0001d377       0xa5 cmake/stm32cubemx/CMakeFiles/STM32_Drivers.dir/__/__/Core/Src/system_stm32f4xx.c.obj
 .debug_macro   0x0001d41c      0x174 cmake/stm32cubemx/CMakeFiles/STM32_Drivers.dir/__/__/Core/Src/system_stm32f4xx.c.obj
 .debug_macro   0x0001d590      0x287 cmake/stm32cubemx/CMakeFiles/STM32_Drivers.dir/__/__/Core/Src/system_stm32f4xx.c.obj
 .debug_macro   0x0001d817       0x5f cmake/stm32cubemx/CMakeFiles/STM32_Drivers.dir/__/__/Core/Src/system_stm32f4xx.c.obj
 .debug_macro   0x0001d876      0x236 cmake/stm32cubemx/CMakeFiles/STM32_Drivers.dir/__/__/Core/Src/system_stm32f4xx.c.obj
 .debug_macro   0x0001daac      0x12c cmake/stm32cubemx/CMakeFiles/STM32_Drivers.dir/__/__/Core/Src/system_stm32f4xx.c.obj
 .debug_macro   0x0001dbd8      0x21e cmake/stm32cubemx/CMakeFiles/STM32_Drivers.dir/__/__/Core/Src/system_stm32f4xx.c.obj
 .debug_macro   0x0001ddf6       0x2e cmake/stm32cubemx/CMakeFiles/STM32_Drivers.dir/__/__/Core/Src/system_stm32f4xx.c.obj
 .debug_macro   0x0001de24      0x127 cmake/stm32cubemx/CMakeFiles/STM32_Drivers.dir/__/__/Core/Src/system_stm32f4xx.c.obj
 .debug_macro   0x0001df4b       0x7e cmake/stm32cubemx/CMakeFiles/STM32_Drivers.dir/__/__/Core/Src/system_stm32f4xx.c.obj
 .debug_macro   0x0001dfc9       0x89 cmake/stm32cubemx/CMakeFiles/STM32_Drivers.dir/__/__/Core/Src/system_stm32f4xx.c.obj
 .debug_macro   0x0001e052      0x12d cmake/stm32cubemx/CMakeFiles/STM32_Drivers.dir/__/__/Core/Src/system_stm32f4xx.c.obj
 .debug_macro   0x0001e17f      0x1d4 cmake/stm32cubemx/CMakeFiles/STM32_Drivers.dir/__/__/Drivers/STM32F4xx_HAL_Driver/Src/stm32f4xx_hal_rcc.c.obj
 .debug_macro   0x0001e353      0x1b6 cmake/stm32cubemx/CMakeFiles/STM32_Drivers.dir/__/__/Drivers/STM32F4xx_HAL_Driver/Src/stm32f4xx_hal_gpio.c.obj
 .debug_macro   0x0001e509      0x1b0 cmake/stm32cubemx/CMakeFiles/STM32_Drivers.dir/__/__/Drivers/STM32F4xx_HAL_Driver/Src/stm32f4xx_hal_cortex.c.obj
 .debug_macro   0x0001e6b9      0x210 cmake/stm32cubemx/CMakeFiles/STM32_Drivers.dir/__/__/Drivers/STM32F4xx_HAL_Driver/Src/stm32f4xx_hal.c.obj
 .debug_macro   0x0001e8c9      0x178 cmake/stm32cubemx/CMakeFiles/FreeRTOS.dir/__/__/Middlewares/Third_Party/FreeRTOS/Source/list.c.obj
 .debug_macro   0x0001ea41      0x202 cmake/stm32cubemx/CMakeFiles/FreeRTOS.dir/__/__/Middlewares/Third_Party/FreeRTOS/Source/queue.c.obj
 .debug_macro   0x0001ec43       0x16 cmake/stm32cubemx/CMakeFiles/FreeRTOS.dir/__/__/Middlewares/Third_Party/FreeRTOS/Source/queue.c.obj
 .debug_macro   0x0001ec59       0x3c cmake/stm32cubemx/CMakeFiles/FreeRTOS.dir/__/__/Middlewares/Third_Party/FreeRTOS/Source/queue.c.obj
 .debug_macro   0x0001ec95       0x87 cmake/stm32cubemx/CMakeFiles/FreeRTOS.dir/__/__/Middlewares/Third_Party/FreeRTOS/Source/queue.c.obj
 .debug_macro   0x0001ed1c      0x26b cmake/stm32cubemx/CMakeFiles/FreeRTOS.dir/__/__/Middlewares/Third_Party/FreeRTOS/Source/tasks.c.obj
 .debug_macro   0x0001ef87       0x10 cmake/stm32cubemx/CMakeFiles/FreeRTOS.dir/__/__/Middlewares/Third_Party/FreeRTOS/Source/tasks.c.obj
 .debug_macro   0x0001ef97      0x1cd cmake/stm32cubemx/CMakeFiles/FreeRTOS.dir/__/__/Middlewares/Third_Party/FreeRTOS/Source/timers.c.obj
 .debug_macro   0x0001f164       0x97 cmake/stm32cubemx/CMakeFiles/FreeRTOS.dir/__/__/Middlewares/Third_Party/FreeRTOS/Source/timers.c.obj
 .debug_macro   0x0001f1fb      0x393 cmake/stm32cubemx/CMakeFiles/FreeRTOS.dir/__/__/Middlewares/Third_Party/FreeRTOS/Source/CMSIS_RTOS_V2/cmsis_os2.c.obj
 .debug_macro   0x0001f58e       0x10 cmake/stm32cubemx/CMakeFiles/FreeRTOS.dir/__/__/Middlewares/Third_Party/FreeRTOS/Source/CMSIS_RTOS_V2/cmsis_os2.c.obj
 .debug_macro   0x0001f59e       0x74 cmake/stm32cubemx/CMakeFiles/FreeRTOS.dir/__/__/Middlewares/Third_Party/FreeRTOS/Source/CMSIS_RTOS_V2/cmsis_os2.c.obj
 .debug_macro   0x0001f612       0xf5 cmake/stm32cubemx/CMakeFiles/FreeRTOS.dir/__/__/Middlewares/Third_Party/FreeRTOS/Source/CMSIS_RTOS_V2/cmsis_os2.c.obj
 .debug_macro   0x0001f707       0x8d cmake/stm32cubemx/CMakeFiles/FreeRTOS.dir/__/__/Middlewares/Third_Party/FreeRTOS/Source/CMSIS_RTOS_V2/cmsis_os2.c.obj
 .debug_macro   0x0001f794       0x9a cmake/stm32cubemx/CMakeFiles/FreeRTOS.dir/__/__/Middlewares/Third_Party/FreeRTOS/Source/CMSIS_RTOS_V2/cmsis_os2.c.obj
 .debug_macro   0x0001f82e       0x22 cmake/stm32cubemx/CMakeFiles/FreeRTOS.dir/__/__/Middlewares/Third_Party/FreeRTOS/Source/CMSIS_RTOS_V2/cmsis_os2.c.obj
 .debug_macro   0x0001f850       0x56 cmake/stm32cubemx/CMakeFiles/FreeRTOS.dir/__/__/Middlewares/Third_Party/FreeRTOS/Source/CMSIS_RTOS_V2/cmsis_os2.c.obj
 .debug_macro   0x0001f8a6      0x19f cmake/stm32cubemx/CMakeFiles/FreeRTOS.dir/__/__/Middlewares/Third_Party/FreeRTOS/Source/portable/MemMang/heap_4.c.obj
 .debug_macro   0x0001fa45      0x196 cmake/stm32cubemx/CMakeFiles/FreeRTOS.dir/__/__/Middlewares/Third_Party/FreeRTOS/Source/portable/GCC/ARM_CM4F/port.c.obj
 .debug_macro   0x0001fbdb      0x25d CMakeFiles/task_manager_led.dir/Core/Src/main.c.obj
 .debug_macro   0x0001fe38       0x28 CMakeFiles/task_manager_led.dir/Core/Src/main.c.obj
 .debug_macro   0x0001fe60      0x169 CMakeFiles/task_manager_led.dir/Core/Src/main.c.obj
 .debug_macro   0x0001ffc9       0x66 CMakeFiles/task_manager_led.dir/Core/Src/main.c.obj
 .debug_macro   0x0002002f       0xdd CMakeFiles/task_manager_led.dir/Core/Src/main.c.obj
 .debug_macro   0x0002010c      0x1c9 CMakeFiles/task_manager_led.dir/Core/Src/gpio.c.obj
 .debug_macro   0x000202d5      0x249 CMakeFiles/task_manager_led.dir/Core/Src/freertos.c.obj
 .debug_macro   0x0002051e       0x6c CMakeFiles/task_manager_led.dir/Core/Src/freertos.c.obj
 .debug_macro   0x0002058a      0x231 CMakeFiles/task_manager_led.dir/Core/Src/stm32f4xx_it.c.obj
 .debug_macro   0x000207bb      0x1bf CMakeFiles/task_manager_led.dir/Core/Src/stm32f4xx_hal_msp.c.obj

.debug_line     0x00000000     0xd509
 .debug_line    0x00000000      0x6a2 cmake/stm32cubemx/CMakeFiles/STM32_Drivers.dir/__/__/Core/Src/system_stm32f4xx.c.obj
 .debug_line    0x000006a2      0xd2b cmake/stm32cubemx/CMakeFiles/STM32_Drivers.dir/__/__/Drivers/STM32F4xx_HAL_Driver/Src/stm32f4xx_hal_rcc.c.obj
 .debug_line    0x000013cd      0xa76 cmake/stm32cubemx/CMakeFiles/STM32_Drivers.dir/__/__/Drivers/STM32F4xx_HAL_Driver/Src/stm32f4xx_hal_gpio.c.obj
 .debug_line    0x00001e43      0xbee cmake/stm32cubemx/CMakeFiles/STM32_Drivers.dir/__/__/Drivers/STM32F4xx_HAL_Driver/Src/stm32f4xx_hal_cortex.c.obj
 .debug_line    0x00002a31      0x91e cmake/stm32cubemx/CMakeFiles/STM32_Drivers.dir/__/__/Drivers/STM32F4xx_HAL_Driver/Src/stm32f4xx_hal.c.obj
 .debug_line    0x0000334f      0x559 cmake/stm32cubemx/CMakeFiles/FreeRTOS.dir/__/__/Middlewares/Third_Party/FreeRTOS/Source/list.c.obj
 .debug_line    0x000038a8     0x14ca cmake/stm32cubemx/CMakeFiles/FreeRTOS.dir/__/__/Middlewares/Third_Party/FreeRTOS/Source/queue.c.obj
 .debug_line    0x00004d72     0x1a4d cmake/stm32cubemx/CMakeFiles/FreeRTOS.dir/__/__/Middlewares/Third_Party/FreeRTOS/Source/tasks.c.obj
 .debug_line    0x000067bf      0xb99 cmake/stm32cubemx/CMakeFiles/FreeRTOS.dir/__/__/Middlewares/Third_Party/FreeRTOS/Source/timers.c.obj
 .debug_line    0x00007358     0x23aa cmake/stm32cubemx/CMakeFiles/FreeRTOS.dir/__/__/Middlewares/Third_Party/FreeRTOS/Source/CMSIS_RTOS_V2/cmsis_os2.c.obj
 .debug_line    0x00009702      0x770 cmake/stm32cubemx/CMakeFiles/FreeRTOS.dir/__/__/Middlewares/Third_Party/FreeRTOS/Source/portable/MemMang/heap_4.c.obj
 .debug_line    0x00009e72      0x659 cmake/stm32cubemx/CMakeFiles/FreeRTOS.dir/__/__/Middlewares/Third_Party/FreeRTOS/Source/portable/GCC/ARM_CM4F/port.c.obj
 .debug_line    0x0000a4cb      0x8ed CMakeFiles/task_manager_led.dir/Core/Src/main.c.obj
 .debug_line    0x0000adb8      0x63a CMakeFiles/task_manager_led.dir/Core/Src/gpio.c.obj
 .debug_line    0x0000b3f2      0x8ac CMakeFiles/task_manager_led.dir/Core/Src/freertos.c.obj
 .debug_line    0x0000bc9e      0x85f CMakeFiles/task_manager_led.dir/Core/Src/stm32f4xx_it.c.obj
 .debug_line    0x0000c4fd      0x62d CMakeFiles/task_manager_led.dir/Core/Src/stm32f4xx_hal_msp.c.obj
 .debug_line    0x0000cb2a       0x7a CMakeFiles/task_manager_led.dir/startup_stm32f407xx.s.obj
 .debug_line    0x0000cba4       0x4e D:/Msys2/mingw64/bin/../lib/gcc/arm-none-eabi/13.3.0/thumb/v7e-m+fp/hard\libgcc.a(_aeabi_uldivmod.o)
 .debug_line    0x0000cbf2      0x503 D:/Msys2/mingw64/bin/../lib/gcc/arm-none-eabi/13.3.0/thumb/v7e-m+fp/hard\libgcc.a(_udivmoddi4.o)
 .debug_line    0x0000d0f5       0x4a D:/Msys2/mingw64/bin/../lib/gcc/arm-none-eabi/13.3.0/thumb/v7e-m+fp/hard\libgcc.a(_dvmd_tls.o)
 .debug_line    0x0000d13f      0x1cd D:/Msys2/mingw64/bin/../lib/gcc/arm-none-eabi/13.3.0/../../../../arm-none-eabi/lib/thumb/v7e-m+fp/hard\libg_nano.a(libc_a-memset.o)
 .debug_line    0x0000d30c      0x144 D:/Msys2/mingw64/bin/../lib/gcc/arm-none-eabi/13.3.0/../../../../arm-none-eabi/lib/thumb/v7e-m+fp/hard\libg_nano.a(libc_a-init.o)
 .debug_line    0x0000d450       0xb9 D:/Msys2/mingw64/bin/../lib/gcc/arm-none-eabi/13.3.0/../../../../arm-none-eabi/lib/thumb/v7e-m+fp/hard\libg_nano.a(libc_a-memcpy.o)

.debug_str      0x00000000    0xca799
 .debug_str     0x00000000    0xca799 cmake/stm32cubemx/CMakeFiles/STM32_Drivers.dir/__/__/Core/Src/system_stm32f4xx.c.obj
                              0xbb136 (size before relaxing)
 .debug_str     0x000ca799    0xbb56a cmake/stm32cubemx/CMakeFiles/STM32_Drivers.dir/__/__/Drivers/STM32F4xx_HAL_Driver/Src/stm32f4xx_hal_rcc.c.obj
 .debug_str     0x000ca799    0xbb2b1 cmake/stm32cubemx/CMakeFiles/STM32_Drivers.dir/__/__/Drivers/STM32F4xx_HAL_Driver/Src/stm32f4xx_hal_gpio.c.obj
 .debug_str     0x000ca799    0xbba36 cmake/stm32cubemx/CMakeFiles/STM32_Drivers.dir/__/__/Drivers/STM32F4xx_HAL_Driver/Src/stm32f4xx_hal_cortex.c.obj
 .debug_str     0x000ca799    0xbbcba cmake/stm32cubemx/CMakeFiles/STM32_Drivers.dir/__/__/Drivers/STM32F4xx_HAL_Driver/Src/stm32f4xx_hal.c.obj
 .debug_str     0x000ca799     0xa5a5 cmake/stm32cubemx/CMakeFiles/FreeRTOS.dir/__/__/Middlewares/Third_Party/FreeRTOS/Source/list.c.obj
 .debug_str     0x000ca799     0xc095 cmake/stm32cubemx/CMakeFiles/FreeRTOS.dir/__/__/Middlewares/Third_Party/FreeRTOS/Source/queue.c.obj
 .debug_str     0x000ca799     0xcb52 cmake/stm32cubemx/CMakeFiles/FreeRTOS.dir/__/__/Middlewares/Third_Party/FreeRTOS/Source/tasks.c.obj
 .debug_str     0x000ca799     0xc617 cmake/stm32cubemx/CMakeFiles/FreeRTOS.dir/__/__/Middlewares/Third_Party/FreeRTOS/Source/timers.c.obj
 .debug_str     0x000ca799    0xc5714 cmake/stm32cubemx/CMakeFiles/FreeRTOS.dir/__/__/Middlewares/Third_Party/FreeRTOS/Source/CMSIS_RTOS_V2/cmsis_os2.c.obj
 .debug_str     0x000ca799     0xaee7 cmake/stm32cubemx/CMakeFiles/FreeRTOS.dir/__/__/Middlewares/Third_Party/FreeRTOS/Source/portable/MemMang/heap_4.c.obj
 .debug_str     0x000ca799     0x87c8 cmake/stm32cubemx/CMakeFiles/FreeRTOS.dir/__/__/Middlewares/Third_Party/FreeRTOS/Source/portable/GCC/ARM_CM4F/port.c.obj
 .debug_str     0x000ca799    0xbfcc3 CMakeFiles/task_manager_led.dir/Core/Src/main.c.obj
 .debug_str     0x000ca799    0xbb1d5 CMakeFiles/task_manager_led.dir/Core/Src/gpio.c.obj
 .debug_str     0x000ca799    0xbff0a CMakeFiles/task_manager_led.dir/Core/Src/freertos.c.obj
 .debug_str     0x000ca799    0xbee69 CMakeFiles/task_manager_led.dir/Core/Src/stm32f4xx_it.c.obj
 .debug_str     0x000ca799    0xbb617 CMakeFiles/task_manager_led.dir/Core/Src/stm32f4xx_hal_msp.c.obj
 .debug_str     0x000ca799       0xb7 CMakeFiles/task_manager_led.dir/startup_stm32f407xx.s.obj
 .debug_str     0x000ca799       0x7e D:/Msys2/mingw64/bin/../lib/gcc/arm-none-eabi/13.3.0/thumb/v7e-m+fp/hard\libgcc.a(_aeabi_uldivmod.o)
 .debug_str     0x000ca799      0x696 D:/Msys2/mingw64/bin/../lib/gcc/arm-none-eabi/13.3.0/thumb/v7e-m+fp/hard\libgcc.a(_udivmoddi4.o)
 .debug_str     0x000ca799       0x9e D:/Msys2/mingw64/bin/../lib/gcc/arm-none-eabi/13.3.0/thumb/v7e-m+fp/hard\libgcc.a(_dvmd_tls.o)
 .debug_str     0x000ca799      0x19b D:/Msys2/mingw64/bin/../lib/gcc/arm-none-eabi/13.3.0/../../../../arm-none-eabi/lib/thumb/v7e-m+fp/hard\libg_nano.a(libc_a-memset.o)
 .debug_str     0x000ca799      0x1e8 D:/Msys2/mingw64/bin/../lib/gcc/arm-none-eabi/13.3.0/../../../../arm-none-eabi/lib/thumb/v7e-m+fp/hard\libg_nano.a(libc_a-init.o)
 .debug_str     0x000ca799       0xa3 D:/Msys2/mingw64/bin/../lib/gcc/arm-none-eabi/13.3.0/../../../../arm-none-eabi/lib/thumb/v7e-m+fp/hard\libg_nano.a(libc_a-memcpy.o)

.debug_frame    0x00000000     0x311c
 .debug_frame   0x00000000       0x58 cmake/stm32cubemx/CMakeFiles/STM32_Drivers.dir/__/__/Core/Src/system_stm32f4xx.c.obj
 .debug_frame   0x00000058      0x1f4 cmake/stm32cubemx/CMakeFiles/STM32_Drivers.dir/__/__/Drivers/STM32F4xx_HAL_Driver/Src/stm32f4xx_hal_rcc.c.obj
 .debug_frame   0x0000024c      0x14c cmake/stm32cubemx/CMakeFiles/STM32_Drivers.dir/__/__/Drivers/STM32F4xx_HAL_Driver/Src/stm32f4xx_hal_gpio.c.obj
 .debug_frame   0x00000398      0x508 cmake/stm32cubemx/CMakeFiles/STM32_Drivers.dir/__/__/Drivers/STM32F4xx_HAL_Driver/Src/stm32f4xx_hal_cortex.c.obj
 .debug_frame   0x000008a0      0x374 cmake/stm32cubemx/CMakeFiles/STM32_Drivers.dir/__/__/Drivers/STM32F4xx_HAL_Driver/Src/stm32f4xx_hal.c.obj
 .debug_frame   0x00000c14       0xd8 cmake/stm32cubemx/CMakeFiles/FreeRTOS.dir/__/__/Middlewares/Third_Party/FreeRTOS/Source/list.c.obj
 .debug_frame   0x00000cec      0x5ec cmake/stm32cubemx/CMakeFiles/FreeRTOS.dir/__/__/Middlewares/Third_Party/FreeRTOS/Source/queue.c.obj
 .debug_frame   0x000012d8      0x8f0 cmake/stm32cubemx/CMakeFiles/FreeRTOS.dir/__/__/Middlewares/Third_Party/FreeRTOS/Source/tasks.c.obj
 .debug_frame   0x00001bc8      0x400 cmake/stm32cubemx/CMakeFiles/FreeRTOS.dir/__/__/Middlewares/Third_Party/FreeRTOS/Source/timers.c.obj
 .debug_frame   0x00001fc8      0xbc8 cmake/stm32cubemx/CMakeFiles/FreeRTOS.dir/__/__/Middlewares/Third_Party/FreeRTOS/Source/CMSIS_RTOS_V2/cmsis_os2.c.obj
 .debug_frame   0x00002b90      0x12c cmake/stm32cubemx/CMakeFiles/FreeRTOS.dir/__/__/Middlewares/Third_Party/FreeRTOS/Source/portable/MemMang/heap_4.c.obj
 .debug_frame   0x00002cbc      0x1a8 cmake/stm32cubemx/CMakeFiles/FreeRTOS.dir/__/__/Middlewares/Third_Party/FreeRTOS/Source/portable/GCC/ARM_CM4F/port.c.obj
 .debug_frame   0x00002e64       0x68 CMakeFiles/task_manager_led.dir/Core/Src/main.c.obj
 .debug_frame   0x00002ecc       0x34 CMakeFiles/task_manager_led.dir/Core/Src/gpio.c.obj
 .debug_frame   0x00002f00       0x6c CMakeFiles/task_manager_led.dir/Core/Src/freertos.c.obj
 .debug_frame   0x00002f6c       0xc4 CMakeFiles/task_manager_led.dir/Core/Src/stm32f4xx_it.c.obj
 .debug_frame   0x00003030       0x34 CMakeFiles/task_manager_led.dir/Core/Src/stm32f4xx_hal_msp.c.obj
 .debug_frame   0x00003064       0x2c D:/Msys2/mingw64/bin/../lib/gcc/arm-none-eabi/13.3.0/thumb/v7e-m+fp/hard\libgcc.a(_aeabi_uldivmod.o)
 .debug_frame   0x00003090       0x34 D:/Msys2/mingw64/bin/../lib/gcc/arm-none-eabi/13.3.0/thumb/v7e-m+fp/hard\libgcc.a(_udivmoddi4.o)
 .debug_frame   0x000030c4       0x2c D:/Msys2/mingw64/bin/../lib/gcc/arm-none-eabi/13.3.0/../../../../arm-none-eabi/lib/thumb/v7e-m+fp/hard\libg_nano.a(libc_a-memset.o)
 .debug_frame   0x000030f0       0x2c D:/Msys2/mingw64/bin/../lib/gcc/arm-none-eabi/13.3.0/../../../../arm-none-eabi/lib/thumb/v7e-m+fp/hard\libg_nano.a(libc_a-init.o)

.debug_line_str
                0x00000000      0x1ab
 .debug_line_str
                0x00000000      0x1ab CMakeFiles/task_manager_led.dir/startup_stm32f407xx.s.obj
                                 0x9d (size before relaxing)
 .debug_line_str
                0x000001ab       0x72 D:/Msys2/mingw64/bin/../lib/gcc/arm-none-eabi/13.3.0/thumb/v7e-m+fp/hard\libgcc.a(_aeabi_uldivmod.o)
 .debug_line_str
                0x000001ab       0x76 D:/Msys2/mingw64/bin/../lib/gcc/arm-none-eabi/13.3.0/thumb/v7e-m+fp/hard\libgcc.a(_dvmd_tls.o)
 .debug_line_str
                0x000001ab       0x90 D:/Msys2/mingw64/bin/../lib/gcc/arm-none-eabi/13.3.0/../../../../arm-none-eabi/lib/thumb/v7e-m+fp/hard\libg_nano.a(libc_a-memcpy.o)

.debug_loclists
                0x00000000      0x983
 .debug_loclists
                0x00000000      0x768 D:/Msys2/mingw64/bin/../lib/gcc/arm-none-eabi/13.3.0/thumb/v7e-m+fp/hard\libgcc.a(_udivmoddi4.o)
 .debug_loclists
                0x00000768      0x1b6 D:/Msys2/mingw64/bin/../lib/gcc/arm-none-eabi/13.3.0/../../../../arm-none-eabi/lib/thumb/v7e-m+fp/hard\libg_nano.a(libc_a-memset.o)
 .debug_loclists
                0x0000091e       0x65 D:/Msys2/mingw64/bin/../lib/gcc/arm-none-eabi/13.3.0/../../../../arm-none-eabi/lib/thumb/v7e-m+fp/hard\libg_nano.a(libc_a-init.o)